[www.cameronsworld.net/index.html]
[backblue.gif]
[fade.gif]
[index.html]
[www.cameronsworld.net/share-facebook.png]
[www.cameronsworld.net/apple-touch-icon-57x57.png]
[www.cameronsworld.net/apple-touch-icon-60x60.png]
[www.cameronsworld.net/apple-touch-icon-72x72.png]
[www.cameronsworld.net/apple-touch-icon-76x76.png]
[www.cameronsworld.net/apple-touch-icon-114x114.png]
[www.cameronsworld.net/apple-touch-icon-120x120.png]
[www.cameronsworld.net/apple-touch-icon-144x144.png]
[www.cameronsworld.net/apple-touch-icon-152x152.png]
[www.cameronsworld.net/apple-touch-icon-180x180.png]
[www.cameronsworld.net/favicon-32x32.png]
[www.cameronsworld.net/android-chrome-192x192.png]
[www.cameronsworld.net/favicon-96x96.png]
[www.cameronsworld.net/favicon-16x16.png]
[www.cameronsworld.net/manifest.json]
[www.cameronsworld.net/mstile-144x144.png]
[www.cameronsworld.net/share-twitter.png]
[www.cameronsworld.net/styles/vendor-afebe49017.css]
[www.cameronsworld.net/styles/main-51f05604bc.css]
[www.cameronsworld.net/cameronsworld.net_press.pdf]
[www.cameronsworld.net/disclaimer.html]
[www.cameronsworld.net/music/index.html]
[www.oocities.org/siliconvalley/hills/7282/Image8.gif]
[www.cameronsworld.net/img/ui/btn-donate.png]
[www.paypalobjects.com/en_AU/i/scr/pixel.gif]
[cloudfront.loggly.com/js/loggly.tracker.min.js]
[www.google-analytics.com/analytics.js]
[www.cameronsworld.net/scripts/vendor-fd87ef745e.js]
[www.cameronsworld.net/index.html]
[www.cameronsworld.net/scripts/bundle-5948722fdd.js]
[www.cameronsworld.net/styles/vendor-afebe49017.css]
[www.cameronsworld.net/fonts/ComicNeue-Bold.woff]
[www.cameronsworld.net/fonts/ComicNeue-Bold.eot]
[www.cameronsworld.net/fonts/ComicNeue-Boldd41d.eot]
[www.cameronsworld.net/fonts/ComicNeue-Bold.woff2]
[www.cameronsworld.net/fonts/ComicNeue-Bold.ttf]
[www.cameronsworld.net/fonts/digitaldreamfat.eot]
[www.cameronsworld.net/fonts/digitaldreamfat.woff2]
[www.cameronsworld.net/fonts/digitaldreamfat.woff]
[www.cameronsworld.net/fonts/digitaldreamfatd41d.eot]
[www.cameronsworld.net/fonts/digitaldreamfat.ttf]
[www.cameronsworld.net/img/ui/ico-audio.png]
[www.cameronsworld.net/img/ui/ico-audio@2x.png]
[www.cameronsworld.net/img/ui/btn-close.png]
[www.cameronsworld.net/img/ui/btn-close@2x.png]
[www.cameronsworld.net/img/ui/bg-scrollbar-track.png]
[www.cameronsworld.net/img/ui/bg-scrollbar-track@2x.png]
[www.cameronsworld.net/img/ui/sprite-old-school-scroll.png]
[www.cameronsworld.net/img/ui/sprite-old-school-scroll-2x.png]
[www.cameronsworld.net/img/ui/intro.png]
[www.cameronsworld.net/img/content/1/bg.png]
[www.cameronsworld.net/img/content/1/6.png]
[www.cameronsworld.net/img/content/1/6.gif]
[www.cameronsworld.net/img/content/1/7.png]
[www.cameronsworld.net/img/content/1/7.gif]
[www.cameronsworld.net/img/content/1/9.png]
[www.cameronsworld.net/img/content/1/9.gif]
[www.cameronsworld.net/img/content/1/11.png]
[www.cameronsworld.net/img/content/1/11.gif]
[www.cameronsworld.net/img/content/1/16.png]
[www.cameronsworld.net/img/content/1/16.gif]
[www.cameronsworld.net/img/content/1/18.png]
[www.cameronsworld.net/img/content/1/18.gif]
[www.cameronsworld.net/img/content/1/20.png]
[www.cameronsworld.net/img/content/1/20.gif]
[www.cameronsworld.net/img/content/1/21.png]
[www.cameronsworld.net/img/content/1/21.gif]
[www.cameronsworld.net/img/content/2/bg.png]
[www.cameronsworld.net/img/content/2/1.png]
[www.cameronsworld.net/img/content/2/1.gif]
[www.cameronsworld.net/img/content/2/2.png]
[www.cameronsworld.net/img/content/2/2.gif]
[www.cameronsworld.net/img/content/2/3.png]
[www.cameronsworld.net/img/content/2/3.gif]
[www.cameronsworld.net/img/content/2/5.png]
[www.cameronsworld.net/img/content/2/5.gif]
[www.cameronsworld.net/img/content/2/6.png]
[www.cameronsworld.net/img/content/2/6.gif]
[www.cameronsworld.net/img/content/2/7.png]
[www.cameronsworld.net/img/content/2/7.gif]
[www.cameronsworld.net/img/content/2/9.png]
[www.cameronsworld.net/img/content/2/9.gif]
[www.cameronsworld.net/img/content/2/13.png]
[www.cameronsworld.net/img/content/2/13.gif]
[www.cameronsworld.net/img/content/2/14.png]
[www.cameronsworld.net/img/content/2/14.gif]
[www.cameronsworld.net/img/content/2/15.png]
[www.cameronsworld.net/img/content/2/15.gif]
[www.cameronsworld.net/img/content/2/16.png]
[www.cameronsworld.net/img/content/2/16.gif]
[www.cameronsworld.net/img/content/2/18.png]
[www.cameronsworld.net/img/content/2/18.gif]
[www.cameronsworld.net/img/content/2/19.png]
[www.cameronsworld.net/img/content/2/19.gif]
[www.cameronsworld.net/img/content/2/26.png]
[www.cameronsworld.net/img/content/2/26.gif]
[www.cameronsworld.net/img/content/2/28.png]
[www.cameronsworld.net/img/content/2/28.gif]
[www.cameronsworld.net/img/content/2/29.png]
[www.cameronsworld.net/img/content/2/29.gif]
[www.cameronsworld.net/img/content/3/bg.png]
[www.cameronsworld.net/img/content/3/5.png]
[www.cameronsworld.net/img/content/3/5.gif]
[www.cameronsworld.net/img/content/3/6.png]
[www.cameronsworld.net/img/content/3/6.gif]
[www.cameronsworld.net/img/content/3/11.png]
[www.cameronsworld.net/img/content/3/11.gif]
[www.cameronsworld.net/img/content/3/17.png]
[www.cameronsworld.net/img/content/3/17.gif]
[www.cameronsworld.net/img/content/4/bg.png]
[www.cameronsworld.net/img/content/4/4.png]
[www.cameronsworld.net/img/content/4/4.gif]
[www.cameronsworld.net/img/content/4/5.png]
[www.cameronsworld.net/img/content/4/5.gif]
[www.cameronsworld.net/img/content/4/9.png]
[www.cameronsworld.net/img/content/4/9.gif]
[www.cameronsworld.net/img/content/4/10.png]
[www.cameronsworld.net/img/content/4/10.gif]
[www.cameronsworld.net/img/content/4/12.png]
[www.cameronsworld.net/img/content/4/12.gif]
[www.cameronsworld.net/img/content/4/14.png]
[www.cameronsworld.net/img/content/4/14.gif]
[www.cameronsworld.net/img/content/4/15.png]
[www.cameronsworld.net/img/content/4/15.gif]
[www.cameronsworld.net/img/content/4/16.png]
[www.cameronsworld.net/img/content/4/16.gif]
[www.cameronsworld.net/img/content/4/18.png]
[www.cameronsworld.net/img/content/4/18.gif]
[www.cameronsworld.net/img/content/4/19.png]
[www.cameronsworld.net/img/content/4/19.gif]
[www.cameronsworld.net/img/content/4/1.png]
[www.cameronsworld.net/img/content/5/bg.jpg]
[www.cameronsworld.net/img/content/5/2.png]
[www.cameronsworld.net/img/content/5/2.gif]
[www.cameronsworld.net/img/content/5/3.png]
[www.cameronsworld.net/img/content/5/3.gif]
[www.cameronsworld.net/img/content/5/5.png]
[www.cameronsworld.net/img/content/5/5.gif]
[www.cameronsworld.net/img/content/5/8.png]
[www.cameronsworld.net/img/content/5/8.gif]
[www.cameronsworld.net/img/content/5/10.png]
[www.cameronsworld.net/img/content/5/10.gif]
[www.cameronsworld.net/img/content/5/11.png]
[www.cameronsworld.net/img/content/5/11.gif]
[www.cameronsworld.net/img/content/5/13.png]
[www.cameronsworld.net/img/content/5/13.gif]
[www.cameronsworld.net/img/content/5/14.png]
[www.cameronsworld.net/img/content/5/14.gif]
[www.cameronsworld.net/img/content/5/17.png]
[www.cameronsworld.net/img/content/5/17.gif]
[www.cameronsworld.net/img/content/5/18.png]
[www.cameronsworld.net/img/content/5/18.gif]
[www.cameronsworld.net/img/content/5/20.png]
[www.cameronsworld.net/img/content/5/20.gif]
[www.cameronsworld.net/img/content/5/22.png]
[www.cameronsworld.net/img/content/5/22.gif]
[www.cameronsworld.net/img/content/shared/rose-left.png]
[www.cameronsworld.net/img/content/shared/rose-right.png]
[www.cameronsworld.net/img/content/6/bg.jpg]
[www.cameronsworld.net/img/content/6/3.png]
[www.cameronsworld.net/img/content/6/3.gif]
[www.cameronsworld.net/img/content/6/5.png]
[www.cameronsworld.net/img/content/6/5.gif]
[www.cameronsworld.net/img/content/6/6.png]
[www.cameronsworld.net/img/content/6/6.gif]
[www.cameronsworld.net/img/content/6/9.png]
[www.cameronsworld.net/img/content/6/9.gif]
[www.cameronsworld.net/img/content/6/10.png]
[www.cameronsworld.net/img/content/6/10.gif]
[www.cameronsworld.net/img/content/6/11.png]
[www.cameronsworld.net/img/content/6/11.gif]
[www.cameronsworld.net/img/content/6/13.png]
[www.cameronsworld.net/img/content/6/13.gif]
[www.cameronsworld.net/img/content/6/15.png]
[www.cameronsworld.net/img/content/6/15.gif]
[www.cameronsworld.net/img/content/6/16.png]
[www.cameronsworld.net/img/content/6/16.gif]
[www.cameronsworld.net/img/content/6/17.png]
[www.cameronsworld.net/img/content/6/17.gif]
[www.cameronsworld.net/img/content/6/2.png]
[www.cameronsworld.net/img/content/6/0.png]
[www.cameronsworld.net/img/content/7/bg.png]
[www.cameronsworld.net/img/content/7/3.png]
[www.cameronsworld.net/img/content/7/3.gif]
[www.cameronsworld.net/img/content/7/4.png]
[www.cameronsworld.net/img/content/7/4.gif]
[www.cameronsworld.net/img/content/7/8.png]
[www.cameronsworld.net/img/content/7/8.gif]
[www.cameronsworld.net/img/content/7/9.png]
[www.cameronsworld.net/img/content/7/9.gif]
[www.cameronsworld.net/img/content/7/10.png]
[www.cameronsworld.net/img/content/7/10.gif]
[www.cameronsworld.net/img/content/7/11.png]
[www.cameronsworld.net/img/content/7/11.gif]
[www.cameronsworld.net/img/content/7/13.png]
[www.cameronsworld.net/img/content/7/13.gif]
[www.cameronsworld.net/img/content/7/14.png]
[www.cameronsworld.net/img/content/7/14.gif]
[www.cameronsworld.net/img/content/7/15.png]
[www.cameronsworld.net/img/content/7/15.gif]
[www.cameronsworld.net/img/content/7/18.png]
[www.cameronsworld.net/img/content/7/18.gif]
[www.cameronsworld.net/img/content/7/24.png]
[www.cameronsworld.net/img/content/7/24.gif]
[www.cameronsworld.net/img/content/7/26.png]
[www.cameronsworld.net/img/content/7/26.gif]
[www.cameronsworld.net/img/content/7/27.png]
[www.cameronsworld.net/img/content/7/27.gif]
[www.cameronsworld.net/img/content/7/28.png]
[www.cameronsworld.net/img/content/7/28.gif]
[www.cameronsworld.net/img/content/7/31.png]
[www.cameronsworld.net/img/content/8/bg.png]
[www.cameronsworld.net/img/content/8/bg.gif]
[www.cameronsworld.net/img/content/8/1.png]
[www.cameronsworld.net/img/content/8/1.gif]
[www.cameronsworld.net/img/content/8/4.png]
[www.cameronsworld.net/img/content/8/4.gif]
[www.cameronsworld.net/img/content/8/5.png]
[www.cameronsworld.net/img/content/8/5.gif]
[www.cameronsworld.net/img/content/8/6.png]
[www.cameronsworld.net/img/content/8/6.gif]
[www.cameronsworld.net/img/content/8/7.png]
[www.cameronsworld.net/img/content/8/7.gif]
[www.cameronsworld.net/img/content/8/10.png]
[www.cameronsworld.net/img/content/8/10.gif]
[www.cameronsworld.net/img/content/8/11.png]
[www.cameronsworld.net/img/content/8/11.gif]
[www.cameronsworld.net/img/content/8/12.png]
[www.cameronsworld.net/img/content/8/12.gif]
[www.cameronsworld.net/img/content/8/15.png]
[www.cameronsworld.net/img/content/8/15.gif]
[www.cameronsworld.net/img/content/8/18.png]
[www.cameronsworld.net/img/content/8/18.gif]
[www.cameronsworld.net/img/content/8/22.png]
[www.cameronsworld.net/img/content/8/22.gif]
[www.cameronsworld.net/img/content/8/24.png]
[www.cameronsworld.net/img/content/8/24.gif]
[www.cameronsworld.net/img/content/8/28.png]
[www.cameronsworld.net/img/content/8/28.gif]
[www.cameronsworld.net/img/content/8/29.png]
[www.cameronsworld.net/img/content/8/29.gif]
[www.cameronsworld.net/img/content/8/30.png]
[www.cameronsworld.net/img/content/8/30.gif]
[www.cameronsworld.net/img/content/8/32.png]
[www.cameronsworld.net/img/content/8/32.gif]
[www.cameronsworld.net/img/content/8/35.png]
[www.cameronsworld.net/img/content/8/35.gif]
[www.cameronsworld.net/img/content/8/36.png]
[www.cameronsworld.net/img/content/8/36.gif]
[www.cameronsworld.net/img/content/8/38.png]
[www.cameronsworld.net/img/content/8/38.gif]
[www.cameronsworld.net/img/content/8/39.png]
[www.cameronsworld.net/img/content/8/39.gif]
[www.cameronsworld.net/img/content/8/40.png]
[www.cameronsworld.net/img/content/8/40.gif]
[www.cameronsworld.net/img/content/8/43.png]
[www.cameronsworld.net/img/content/8/43.gif]
[www.cameronsworld.net/img/content/8/44.png]
[www.cameronsworld.net/img/content/8/44.gif]
[www.cameronsworld.net/img/content/8/45.gif]
[www.cameronsworld.net/img/content/8/46.gif]
[www.cameronsworld.net/img/content/8/47.png]
[www.cameronsworld.net/img/content/8/47.gif]
[www.cameronsworld.net/img/content/8/48.png]
[www.cameronsworld.net/img/content/8/48.gif]
[www.cameronsworld.net/img/content/8/49.png]
[www.cameronsworld.net/img/content/8/49.gif]
[www.cameronsworld.net/img/content/8/50.png]
[www.cameronsworld.net/img/content/8/50.gif]
[www.cameronsworld.net/img/content/8/51.png]
[www.cameronsworld.net/img/content/8/51.gif]
[www.cameronsworld.net/img/content/8/52.png]
[www.cameronsworld.net/img/content/8/52.gif]
[www.cameronsworld.net/img/content/8/55.png]
[www.cameronsworld.net/img/content/8/56.png]
[www.cameronsworld.net/img/content/8/56.gif]
[www.cameronsworld.net/img/content/8/57.png]
[www.cameronsworld.net/img/content/8/57.gif]
[www.cameronsworld.net/img/content/8/58.png]
[www.cameronsworld.net/img/content/8/58.gif]
[www.cameronsworld.net/img/content/8/59.png]
[www.cameronsworld.net/img/content/8/59.gif]
[www.cameronsworld.net/img/content/8/60.png]
[www.cameronsworld.net/img/content/8/60.gif]
[www.cameronsworld.net/img/content/8/61.png]
[www.cameronsworld.net/img/content/8/61.gif]
[www.cameronsworld.net/img/content/8/63.png]
[www.cameronsworld.net/img/content/8/63.gif]
[www.cameronsworld.net/img/content/8/64.png]
[www.cameronsworld.net/img/content/8/64.gif]
[www.cameronsworld.net/img/content/8/67.png]
[www.cameronsworld.net/img/content/8/67.gif]
[www.cameronsworld.net/img/content/9/bg.png]
[www.cameronsworld.net/img/content/9/10.png]
[www.cameronsworld.net/img/content/9/11.png]
[www.cameronsworld.net/img/content/9/12.png]
[www.cameronsworld.net/img/content/9/16.png]
[www.cameronsworld.net/img/content/9/17.png]
[www.cameronsworld.net/img/content/9/18.png]
[www.cameronsworld.net/img/content/9/19.png]
[www.cameronsworld.net/img/content/9/20.png]
[www.cameronsworld.net/img/content/9/21.png]
[www.cameronsworld.net/img/content/9/22.png]
[www.cameronsworld.net/img/content/9/23.png]
[www.cameronsworld.net/img/content/10/bg.png]
[www.cameronsworld.net/img/content/10/5.png]
[www.cameronsworld.net/img/content/10/5.gif]
[www.cameronsworld.net/img/content/10/6.png]
[www.cameronsworld.net/img/content/10/6.gif]
[www.cameronsworld.net/img/content/10/7.png]
[www.cameronsworld.net/img/content/10/7.gif]
[www.cameronsworld.net/img/content/10/8.png]
[www.cameronsworld.net/img/content/10/8.gif]
[www.cameronsworld.net/img/content/10/9.png]
[www.cameronsworld.net/img/content/10/9.gif]
[www.cameronsworld.net/img/content/10/10.png]
[www.cameronsworld.net/img/content/10/10.gif]
[www.cameronsworld.net/img/content/10/12.png]
[www.cameronsworld.net/img/content/10/12.gif]
[www.cameronsworld.net/img/content/10/14.png]
[www.cameronsworld.net/img/content/10/14.gif]
[www.cameronsworld.net/img/content/10/15.png]
[www.cameronsworld.net/img/content/10/15.gif]
[www.cameronsworld.net/img/content/10/16.png]
[www.cameronsworld.net/img/content/10/16.gif]
[www.cameronsworld.net/img/content/10/18.png]
[www.cameronsworld.net/img/content/10/18.gif]
[www.cameronsworld.net/img/content/10/21.png]
[www.cameronsworld.net/img/content/10/21.gif]
[www.cameronsworld.net/img/content/10/1.png]
[www.cameronsworld.net/img/content/10/2.png]
[www.cameronsworld.net/img/content/10/3.png]
[www.cameronsworld.net/img/content/10/11.png]
[www.cameronsworld.net/img/content/11/bg.png]
[www.cameronsworld.net/img/content/11/6.png]
[www.cameronsworld.net/img/content/11/6.gif]
[www.cameronsworld.net/img/content/11/8.png]
[www.cameronsworld.net/img/content/11/8.gif]
[www.cameronsworld.net/img/content/11/9.png]
[www.cameronsworld.net/img/content/11/9.gif]
[www.cameronsworld.net/img/content/11/10.png]
[www.cameronsworld.net/img/content/11/10.gif]
[www.cameronsworld.net/img/content/11/14.png]
[www.cameronsworld.net/img/content/11/14.gif]
[www.cameronsworld.net/img/content/11/15.png]
[www.cameronsworld.net/img/content/11/15.gif]
[www.cameronsworld.net/img/content/11/17.png]
[www.cameronsworld.net/img/content/11/17.gif]
[www.cameronsworld.net/img/content/11/18.png]
[www.cameronsworld.net/img/content/11/18.gif]
[www.cameronsworld.net/img/content/11/19.png]
[www.cameronsworld.net/img/content/11/19.gif]
[www.cameronsworld.net/img/content/11/24.gif]
[www.cameronsworld.net/img/content/11/25.png]
[www.cameronsworld.net/img/content/11/25.gif]
[www.cameronsworld.net/img/content/11/26.png]
[www.cameronsworld.net/img/content/11/26.gif]
[www.cameronsworld.net/img/content/11/27.png]
[www.cameronsworld.net/img/content/11/27.gif]
[www.cameronsworld.net/img/content/11/29.png]
[www.cameronsworld.net/img/content/11/29.gif]
[www.cameronsworld.net/img/content/12/bg.gif]
[www.cameronsworld.net/img/content/12/2.png]
[www.cameronsworld.net/img/content/12/2.gif]
[www.cameronsworld.net/img/content/12/4.png]
[www.cameronsworld.net/img/content/12/4.gif]
[www.cameronsworld.net/img/content/12/5.png]
[www.cameronsworld.net/img/content/12/5.gif]
[www.cameronsworld.net/img/content/12/6.png]
[www.cameronsworld.net/img/content/12/6.gif]
[www.cameronsworld.net/img/content/12/7.png]
[www.cameronsworld.net/img/content/12/7.gif]
[www.cameronsworld.net/img/content/12/8.png]
[www.cameronsworld.net/img/content/12/8.gif]
[www.cameronsworld.net/img/content/12/9.png]
[www.cameronsworld.net/img/content/12/9.gif]
[www.cameronsworld.net/img/content/12/10.png]
[www.cameronsworld.net/img/content/12/10.gif]
[www.cameronsworld.net/img/content/12/11.png]
[www.cameronsworld.net/img/content/12/11.gif]
[www.cameronsworld.net/img/content/12/12.png]
[www.cameronsworld.net/img/content/12/12.gif]
[www.cameronsworld.net/img/content/12/13.png]
[www.cameronsworld.net/img/content/12/13.gif]
[www.cameronsworld.net/img/content/12/15.png]
[www.cameronsworld.net/img/content/12/15.gif]
[www.cameronsworld.net/img/content/12/16.png]
[www.cameronsworld.net/img/content/12/16.gif]
[www.cameronsworld.net/img/content/12/18.png]
[www.cameronsworld.net/img/content/12/18.gif]
[www.cameronsworld.net/img/content/12/19.png]
[www.cameronsworld.net/img/content/12/21.png]
[www.cameronsworld.net/img/content/12/21.gif]
[www.cameronsworld.net/img/content/12/22.png]
[www.cameronsworld.net/img/content/12/22.gif]
[www.cameronsworld.net/img/content/13/bg.png]
[www.cameronsworld.net/img/content/13/2.png]
[www.cameronsworld.net/img/content/13/2.gif]
[www.cameronsworld.net/img/content/13/4.png]
[www.cameronsworld.net/img/content/13/4.gif]
[www.cameronsworld.net/img/content/13/8.png]
[www.cameronsworld.net/img/content/13/8.gif]
[www.cameronsworld.net/img/content/13/10.png]
[www.cameronsworld.net/img/content/13/10.gif]
[www.cameronsworld.net/img/content/13/12.png]
[www.cameronsworld.net/img/content/13/12.gif]
[www.cameronsworld.net/img/content/13/13.png]
[www.cameronsworld.net/img/content/13/13.gif]
[www.cameronsworld.net/img/content/13/14.png]
[www.cameronsworld.net/img/content/13/14.gif]
[www.cameronsworld.net/img/content/13/16.png]
[www.cameronsworld.net/img/content/13/16.gif]
[www.cameronsworld.net/img/content/13/17.png]
[www.cameronsworld.net/img/content/13/17.gif]
[www.cameronsworld.net/img/content/13/18.png]
[www.cameronsworld.net/img/content/13/18.gif]
[www.cameronsworld.net/img/content/13/19.png]
[www.cameronsworld.net/img/content/13/19.gif]
[www.cameronsworld.net/img/content/13/20.png]
[www.cameronsworld.net/img/content/13/20.gif]
[www.cameronsworld.net/img/content/13/21.png]
[www.cameronsworld.net/img/content/13/21.gif]
[www.cameronsworld.net/img/content/13/22.png]
[www.cameronsworld.net/img/content/13/22.gif]
[www.cameronsworld.net/img/content/13/23.png]
[www.cameronsworld.net/img/content/13/23.gif]
[www.cameronsworld.net/img/content/13/24.png]
[www.cameronsworld.net/img/content/13/24.gif]
[www.cameronsworld.net/img/content/13/25.png]
[www.cameronsworld.net/img/content/13/25.gif]
[www.cameronsworld.net/img/content/14/bg.png]
[www.cameronsworld.net/img/content/14/1.png]
[www.cameronsworld.net/img/content/14/1.gif]
[www.cameronsworld.net/img/content/14/2.png]
[www.cameronsworld.net/img/content/14/2.gif]
[www.cameronsworld.net/img/content/14/4.png]
[www.cameronsworld.net/img/content/14/4.gif]
[www.cameronsworld.net/img/content/14/5.png]
[www.cameronsworld.net/img/content/14/5.gif]
[www.cameronsworld.net/img/content/14/6.png]
[www.cameronsworld.net/img/content/14/6.gif]
[www.cameronsworld.net/img/content/14/7.png]
[www.cameronsworld.net/img/content/14/7.gif]
[www.cameronsworld.net/img/content/14/8.png]
[www.cameronsworld.net/img/content/14/8.gif]
[www.cameronsworld.net/img/content/14/9.png]
[www.cameronsworld.net/img/content/14/9.gif]
[www.cameronsworld.net/img/content/14/10.png]
[www.cameronsworld.net/img/content/14/10.gif]
[www.cameronsworld.net/img/content/14/11.png]
[www.cameronsworld.net/img/content/14/11.gif]
[www.cameronsworld.net/img/content/15/bg.png]
[www.cameronsworld.net/img/content/15/2.png]
[www.cameronsworld.net/img/content/15/1.png]
[www.cameronsworld.net/img/content/15/3.png]
[www.cameronsworld.net/img/content/15/3.gif]
[www.cameronsworld.net/img/content/15/4.png]
[www.cameronsworld.net/img/content/15/4.gif]
[www.cameronsworld.net/img/content/15/11.png]
[www.cameronsworld.net/img/content/15/11.gif]
[www.cameronsworld.net/img/content/15/12.png]
[www.cameronsworld.net/img/content/15/12.gif]
[www.cameronsworld.net/img/content/15/35.png]
[www.cameronsworld.net/img/content/15/35.gif]
[www.cameronsworld.net/img/content/15/36.png]
[www.cameronsworld.net/img/content/15/37.png]
[www.cameronsworld.net/img/content/15/37.gif]
[www.cameronsworld.net/img/content/15/38.png]
[www.cameronsworld.net/img/content/15/38.gif]
[www.cameronsworld.net/img/content/15/40.png]
[www.cameronsworld.net/img/content/15/40.gif]
[www.cameronsworld.net/img/content/15/41.png]
[www.cameronsworld.net/img/content/15/41.gif]
[www.cameronsworld.net/img/content/15/42.png]
[www.cameronsworld.net/img/content/15/42.gif]
[www.cameronsworld.net/img/content/15/51.png]
[www.cameronsworld.net/img/content/15/51.gif]
[www.cameronsworld.net/img/content/15/52.png]
[www.cameronsworld.net/img/content/15/59.png]
[www.cameronsworld.net/img/content/15/row-1/1.png]
[www.cameronsworld.net/img/content/15/row-1/2.png]
[www.cameronsworld.net/img/content/15/row-1/3.png]
[www.cameronsworld.net/img/content/15/row-1/4.png]
[www.cameronsworld.net/img/content/15/row-1/4.gif]
[www.cameronsworld.net/img/content/15/row-1/5.png]
[www.cameronsworld.net/img/content/15/row-1/6.png]
[www.cameronsworld.net/img/content/15/row-1/7.png]
[www.cameronsworld.net/img/content/15/row-1/8.png]
[www.cameronsworld.net/img/content/15/row-1/9.png]
[www.cameronsworld.net/img/content/15/row-1/9.gif]
[www.cameronsworld.net/img/content/15/row-1/10.png]
[www.cameronsworld.net/img/content/15/row-1/10.gif]
[www.cameronsworld.net/img/content/15/row-1/11.png]
[www.cameronsworld.net/img/content/15/row-1/11.gif]
[www.cameronsworld.net/img/content/15/row-1/12.png]
[www.cameronsworld.net/img/content/15/row-1/13.png]
[www.cameronsworld.net/img/content/15/row-1/14.png]
[www.cameronsworld.net/img/content/15/row-1/14.gif]
[www.cameronsworld.net/img/content/15/row-1/15.png]
[www.cameronsworld.net/img/content/15/row-1/16.png]
[www.cameronsworld.net/img/content/15/row-1/17.png]
[www.cameronsworld.net/img/content/15/row-1/17.gif]
[www.cameronsworld.net/img/content/15/row-1/18.png]
[www.cameronsworld.net/img/content/15/row-1/19.png]
[www.cameronsworld.net/img/content/15/row-1/19.gif]
[www.cameronsworld.net/img/content/15/row-1/20.png]
[www.cameronsworld.net/img/content/15/row-1/21.png]
[www.cameronsworld.net/img/content/15/row-2/1.png]
[www.cameronsworld.net/img/content/15/row-2/2.png]
[www.cameronsworld.net/img/content/15/row-2/3.png]
[www.cameronsworld.net/img/content/15/row-2/4.png]
[www.cameronsworld.net/img/content/15/row-2/4.gif]
[www.cameronsworld.net/img/content/15/row-2/5.png]
[www.cameronsworld.net/img/content/15/row-2/6.png]
[www.cameronsworld.net/img/content/15/row-2/7.png]
[www.cameronsworld.net/img/content/15/row-2/7.gif]
[www.cameronsworld.net/img/content/15/row-2/8.png]
[www.cameronsworld.net/img/content/15/row-2/9.png]
[www.cameronsworld.net/img/content/15/row-2/10.png]
[www.cameronsworld.net/img/content/15/row-2/11.png]
[www.cameronsworld.net/img/content/15/row-2/12.png]
[www.cameronsworld.net/img/content/15/row-2/13.png]
[www.cameronsworld.net/img/content/15/row-2/14.png]
[www.cameronsworld.net/img/content/15/row-2/15.png]
[www.cameronsworld.net/img/content/15/row-2/15.gif]
[www.cameronsworld.net/img/content/15/row-2/16.png]
[www.cameronsworld.net/img/content/15/row-2/17.png]
[www.cameronsworld.net/img/content/15/row-2/18.png]
[www.cameronsworld.net/img/content/15/row-2/18.gif]
[www.cameronsworld.net/img/content/15/row-2/19.png]
[www.cameronsworld.net/img/content/15/row-2/19.gif]
[www.cameronsworld.net/img/content/16/bg.png]
[www.cameronsworld.net/img/content/16/bg-1.png]
[www.cameronsworld.net/img/content/16/1.png]
[www.cameronsworld.net/img/content/16/1.gif]
[www.cameronsworld.net/img/content/16/3.png]
[www.cameronsworld.net/img/content/16/3.gif]
[www.cameronsworld.net/img/content/16/4.png]
[www.cameronsworld.net/img/content/16/4.gif]
[www.cameronsworld.net/img/content/16/5.png]
[www.cameronsworld.net/img/content/16/5.gif]
[www.cameronsworld.net/img/content/16/6.png]
[www.cameronsworld.net/img/content/16/6.gif]
[www.cameronsworld.net/img/content/16/8.png]
[www.cameronsworld.net/img/content/16/8.gif]
[www.cameronsworld.net/img/content/16/10.png]
[www.cameronsworld.net/img/content/16/10.gif]
[www.cameronsworld.net/img/content/16/11.png]
[www.cameronsworld.net/img/content/16/11.gif]
[www.cameronsworld.net/img/content/16/12.png]
[www.cameronsworld.net/img/content/16/12.gif]
[www.cameronsworld.net/img/content/16/13.png]
[www.cameronsworld.net/img/content/16/13.gif]
[www.cameronsworld.net/img/content/16/15.png]
[www.cameronsworld.net/img/content/16/15.gif]
[www.cameronsworld.net/img/content/16/16.png]
[www.cameronsworld.net/img/content/16/16.gif]
[www.cameronsworld.net/img/content/16/17.png]
[www.cameronsworld.net/img/content/16/17.gif]
[www.cameronsworld.net/img/content/16/18.png]
[www.cameronsworld.net/img/content/16/18.gif]
[www.cameronsworld.net/img/content/16/19.png]
[www.cameronsworld.net/img/content/16/19.gif]
[www.cameronsworld.net/img/content/16/20.gif]
[www.cameronsworld.net/img/content/16/21.gif]
[www.cameronsworld.net/img/content/17/bg.png]
[www.cameronsworld.net/img/content/17/36.png]
[www.cameronsworld.net/img/content/17/37.png]
[www.cameronsworld.net/img/content/17/6.png]
[www.cameronsworld.net/img/content/17/6.gif]
[www.cameronsworld.net/img/content/17/7.png]
[www.cameronsworld.net/img/content/17/7.gif]
[www.cameronsworld.net/img/content/17/8.png]
[www.cameronsworld.net/img/content/17/8.gif]
[www.cameronsworld.net/img/content/17/11.png]
[www.cameronsworld.net/img/content/17/11.gif]
[www.cameronsworld.net/img/content/17/14.png]
[www.cameronsworld.net/img/content/17/14.gif]
[www.cameronsworld.net/img/content/17/15.png]
[www.cameronsworld.net/img/content/17/15.gif]
[www.cameronsworld.net/img/content/17/16.png]
[www.cameronsworld.net/img/content/17/16.gif]
[www.cameronsworld.net/img/content/17/20.png]
[www.cameronsworld.net/img/content/17/20.gif]
[www.cameronsworld.net/img/content/17/21.png]
[www.cameronsworld.net/img/content/17/21.gif]
[www.cameronsworld.net/img/content/17/22.png]
[www.cameronsworld.net/img/content/17/22.gif]
[www.cameronsworld.net/img/content/17/24.png]
[www.cameronsworld.net/img/content/17/24.gif]
[www.cameronsworld.net/img/content/17/26.png]
[www.cameronsworld.net/img/content/17/26.gif]
[www.cameronsworld.net/img/content/17/30.png]
[www.cameronsworld.net/img/content/17/30.gif]
[www.cameronsworld.net/img/content/17/33.png]
[www.cameronsworld.net/img/content/17/33.gif]
[www.cameronsworld.net/img/content/17/34.png]
[www.cameronsworld.net/img/content/17/34.gif]
[www.cameronsworld.net/img/content/18/bg.png]
[www.cameronsworld.net/img/content/18/7.png]
[www.cameronsworld.net/img/content/18/1.png]
[www.cameronsworld.net/img/content/18/2.png]
[www.cameronsworld.net/img/content/18/3.png]
[www.cameronsworld.net/img/content/18/4.png]
[www.cameronsworld.net/img/content/18/5.png]
[www.cameronsworld.net/img/content/18/6.png]
[www.cameronsworld.net/img/content/18/8.png]
[www.cameronsworld.net/img/content/18/9.png]
[www.cameronsworld.net/img/content/18/9.gif]
[www.cameronsworld.net/img/content/18/10.png]
[www.cameronsworld.net/img/content/18/10.gif]
[www.cameronsworld.net/img/content/18/11.png]
[www.cameronsworld.net/img/content/18/11.gif]
[www.cameronsworld.net/img/content/18/12.png]
[www.cameronsworld.net/img/content/18/12.gif]
[www.cameronsworld.net/img/content/18/13.png]
[www.cameronsworld.net/img/content/18/13.gif]
[www.cameronsworld.net/img/content/18/14.png]
[www.cameronsworld.net/img/content/18/14.gif]
[www.cameronsworld.net/img/content/18/table/bg.png]
[www.cameronsworld.net/img/content/18/table/left/4.png]
[www.cameronsworld.net/img/content/18/table/left/4.gif]
[www.cameronsworld.net/img/content/19/bg.png]
[www.cameronsworld.net/img/content/19/1.png]
[www.cameronsworld.net/img/content/19/2.png]
[www.cameronsworld.net/img/content/19/3.png]
[www.cameronsworld.net/img/content/19/3.gif]
[www.cameronsworld.net/img/content/19/4.png]
[www.cameronsworld.net/img/content/19/4.gif]
[www.cameronsworld.net/img/content/19/5.png]
[www.cameronsworld.net/img/content/19/5.gif]
[www.cameronsworld.net/img/content/19/7.png]
[www.cameronsworld.net/img/content/19/7.gif]
[www.cameronsworld.net/img/content/19/8.png]
[www.cameronsworld.net/img/content/19/8.gif]
[www.cameronsworld.net/img/content/19/9.png]
[www.cameronsworld.net/img/content/19/9.gif]
[www.cameronsworld.net/img/content/19/13.png]
[www.cameronsworld.net/img/content/19/13.gif]
[www.cameronsworld.net/img/content/19/16.png]
[www.cameronsworld.net/img/content/19/16.gif]
[www.cameronsworld.net/img/content/19/19.png]
[www.cameronsworld.net/img/content/19/19.gif]
[www.cameronsworld.net/img/content/19/20.png]
[www.cameronsworld.net/img/content/19/20.gif]
[www.cameronsworld.net/img/content/19/21.png]
[www.cameronsworld.net/img/content/19/21.gif]
[www.cameronsworld.net/img/content/19/23.png]
[www.cameronsworld.net/img/content/19/23.gif]
[www.cameronsworld.net/img/content/19/24.png]
[www.cameronsworld.net/img/content/19/24.gif]
[www.cameronsworld.net/img/content/19/26.png]
[www.cameronsworld.net/img/content/19/26.gif]
[www.cameronsworld.net/img/content/19/27.png]
[www.cameronsworld.net/img/content/19/27.gif]
[www.cameronsworld.net/img/content/19/28.png]
[www.cameronsworld.net/img/content/19/28.gif]
[www.cameronsworld.net/img/content/19/30.png]
[www.cameronsworld.net/img/content/19/30.gif]
[www.cameronsworld.net/img/content/19/31.png]
[www.cameronsworld.net/img/content/19/31.gif]
[www.cameronsworld.net/img/content/19/32.png]
[www.cameronsworld.net/img/content/19/32.gif]
[www.cameronsworld.net/img/content/19/34.png]
[www.cameronsworld.net/img/content/19/34.gif]
[www.cameronsworld.net/img/content/19/35.png]
[www.cameronsworld.net/img/content/19/35.gif]
[www.cameronsworld.net/img/content/19/38.png]
[www.cameronsworld.net/img/content/19/38.gif]
[www.cameronsworld.net/img/content/19/41.png]
[www.cameronsworld.net/img/content/19/41.gif]
[www.cameronsworld.net/img/content/19/42.png]
[www.cameronsworld.net/img/content/19/42.gif]
[www.cameronsworld.net/img/content/19/43.png]
[www.cameronsworld.net/img/content/19/43.gif]
[www.cameronsworld.net/img/content/19/44.png]
[www.cameronsworld.net/img/content/19/44.gif]
[www.cameronsworld.net/img/content/19/45.png]
[www.cameronsworld.net/img/content/19/45.gif]
[www.cameronsworld.net/img/content/19/46.png]
[www.cameronsworld.net/img/content/19/46.gif]
[www.cameronsworld.net/img/content/19/48.png]
[www.cameronsworld.net/img/content/19/49.png]
[www.cameronsworld.net/img/content/19/51.png]
[www.cameronsworld.net/img/content/19/51.gif]
[www.cameronsworld.net/img/content/19/54.png]
[www.cameronsworld.net/img/content/19/54.gif]
[www.cameronsworld.net/img/content/20/bg.png]
[www.cameronsworld.net/img/content/20/1.png]
[www.cameronsworld.net/img/content/20/1.gif]
[www.cameronsworld.net/img/content/20/6.png]
[www.cameronsworld.net/img/content/20/6.gif]
[www.cameronsworld.net/img/content/20/7.png]
[www.cameronsworld.net/img/content/20/7.gif]
[www.cameronsworld.net/img/content/20/8.png]
[www.cameronsworld.net/img/content/20/8.gif]
[www.cameronsworld.net/img/content/20/9.png]
[www.cameronsworld.net/img/content/20/9.gif]
[www.cameronsworld.net/img/content/20/10.png]
[www.cameronsworld.net/img/content/20/10.gif]
[www.cameronsworld.net/img/content/20/11.png]
[www.cameronsworld.net/img/content/20/11.gif]
[www.cameronsworld.net/img/content/20/14.png]
[www.cameronsworld.net/img/content/20/14.gif]
[www.cameronsworld.net/img/content/20/15.png]
[www.cameronsworld.net/img/content/20/15.gif]
[www.cameronsworld.net/img/content/20/16.png]
[www.cameronsworld.net/img/content/20/16.gif]
[www.cameronsworld.net/img/content/20/19.png]
[www.cameronsworld.net/img/content/20/19.gif]
[www.cameronsworld.net/img/content/20/25.png]
[www.cameronsworld.net/img/content/20/25.gif]
[www.cameronsworld.net/img/content/20/26.png]
[www.cameronsworld.net/img/content/20/26.gif]
[www.cameronsworld.net/img/content/20/28.png]
[www.cameronsworld.net/img/content/20/28.gif]
[www.cameronsworld.net/img/content/20/29.png]
[www.cameronsworld.net/img/content/20/29.gif]
[www.cameronsworld.net/img/content/21/bg.png]
[www.cameronsworld.net/img/content/21/2.png]
[www.cameronsworld.net/img/content/21/3.gif]
[www.cameronsworld.net/img/content/21/7.png]
[www.cameronsworld.net/img/content/21/7.gif]
[www.cameronsworld.net/img/content/21/13.png]
[www.cameronsworld.net/img/content/21/13.gif]
[www.cameronsworld.net/img/content/21/19.png]
[www.cameronsworld.net/img/content/21/19.gif]
[www.cameronsworld.net/img/content/21/21.png]
[www.cameronsworld.net/img/content/21/21.gif]
[www.cameronsworld.net/img/content/21/22.png]
[www.cameronsworld.net/img/content/21/22.gif]
[www.cameronsworld.net/img/content/21/24.png]
[www.cameronsworld.net/img/content/21/24.gif]
[www.cameronsworld.net/img/content/21/26.png]
[www.cameronsworld.net/img/content/21/26.gif]
[www.cameronsworld.net/img/content/21/28.png]
[www.cameronsworld.net/img/content/21/28.gif]
[www.cameronsworld.net/img/content/21/30.png]
[www.cameronsworld.net/img/content/21/30.gif]
[www.cameronsworld.net/img/content/21/32.png]
[www.cameronsworld.net/img/content/21/32.gif]
[www.cameronsworld.net/img/content/22/1.png]
[www.cameronsworld.net/img/content/22/1.gif]
[www.cameronsworld.net/img/content/22/2.png]
[www.cameronsworld.net/img/content/22/2.gif]
[www.cameronsworld.net/img/content/22/3.png]
[www.cameronsworld.net/img/content/22/3.gif]
[www.cameronsworld.net/img/content/22/4.png]
[www.cameronsworld.net/img/content/22/4.gif]
[www.cameronsworld.net/img/content/22/5.png]
[www.cameronsworld.net/img/content/22/6.png]
[www.cameronsworld.net/img/content/22/6.gif]
[www.cameronsworld.net/img/content/22/left-side/1.png]
[www.cameronsworld.net/img/content/22/left-side/1.gif]
[www.cameronsworld.net/img/content/22/left-side/5.png]
[www.cameronsworld.net/img/content/22/left-side/6.png]
[www.cameronsworld.net/img/content/22/left-side/6.gif]
[www.cameronsworld.net/img/content/22/left-side/7.gif]
[www.cameronsworld.net/img/content/22/left-side/10.png]
[www.cameronsworld.net/img/content/22/left-side/10.gif]
[www.cameronsworld.net/img/content/22/left-side/12.png]
[www.cameronsworld.net/img/content/22/left-side/12.gif]
[www.cameronsworld.net/img/content/22/left-side/13.png]
[www.cameronsworld.net/img/content/22/left-side/13.gif]
[www.cameronsworld.net/img/content/22/left-side/14.png]
[www.cameronsworld.net/img/content/22/left-side/16.png]
[www.cameronsworld.net/img/content/22/left-side/17.png]
[www.cameronsworld.net/img/content/22/left-side/18.png]
[www.cameronsworld.net/img/content/22/left-side/18.gif]
[www.cameronsworld.net/img/content/22/left-side/22.png]
[www.cameronsworld.net/img/content/22/left-side/22.gif]
[www.cameronsworld.net/img/content/22/left-side/25.png]
[www.cameronsworld.net/img/content/22/left-side/25.gif]
[www.cameronsworld.net/img/content/22/left-side/28.png]
[www.cameronsworld.net/img/content/22/left-side/28.gif]
[www.cameronsworld.net/img/content/22/left-side/29.png]
[www.cameronsworld.net/img/content/22/left-side/29.gif]
[www.cameronsworld.net/img/content/22/left-side/30.png]
[www.cameronsworld.net/img/content/22/left-side/31.png]
[www.cameronsworld.net/img/content/22/right-side/2.png]
[www.cameronsworld.net/img/content/22/right-side/2.gif]
[www.cameronsworld.net/img/content/22/right-side/3.png]
[www.cameronsworld.net/img/content/22/right-side/4.png]
[www.cameronsworld.net/img/content/22/right-side/4.gif]
[www.cameronsworld.net/img/content/22/right-side/6.png]
[www.cameronsworld.net/img/content/22/right-side/6.gif]
[www.cameronsworld.net/img/content/22/right-side/8.png]
[www.cameronsworld.net/img/content/22/right-side/8.gif]
[www.cameronsworld.net/img/content/22/right-side/9.png]
[www.cameronsworld.net/img/content/22/right-side/9.gif]
[www.cameronsworld.net/img/content/22/right-side/10.png]
[www.cameronsworld.net/img/content/22/right-side/10.gif]
[www.cameronsworld.net/img/content/22/right-side/11.png]
[www.cameronsworld.net/img/content/22/right-side/11.gif]
[www.cameronsworld.net/img/content/22/right-side/13.png]
[www.cameronsworld.net/img/content/22/right-side/13.gif]
[www.cameronsworld.net/img/content/22/right-side/15.png]
[www.cameronsworld.net/img/content/22/right-side/16.png]
[www.cameronsworld.net/img/content/22/right-side/16.gif]
[www.cameronsworld.net/img/content/22/right-side/19.png]
[www.cameronsworld.net/img/content/22/right-side/19.gif]
[www.cameronsworld.net/img/content/22/right-side/21.png]
[www.cameronsworld.net/img/content/22/right-side/21.gif]
[www.cameronsworld.net/img/content/22/right-side/22.png]
[www.cameronsworld.net/img/content/22/right-side/22.gif]
[www.cameronsworld.net/img/content/22/right-side/23.png]
[www.cameronsworld.net/img/content/22/right-side/23.gif]
[www.cameronsworld.net/img/content/22/right-side/24.png]
[www.cameronsworld.net/img/content/22/right-side/24.gif]
[www.cameronsworld.net/img/content/22/right-side/25.png]
[www.cameronsworld.net/img/content/22/right-side/25.gif]
[www.cameronsworld.net/img/content/22/right-side/26.png]
[www.cameronsworld.net/img/content/22/right-side/30.png]
[www.cameronsworld.net/img/content/22/right-side/30.gif]
[www.cameronsworld.net/img/content/22/right-side/31.png]
[www.cameronsworld.net/img/content/23/bg.png]
[www.cameronsworld.net/img/ui/frame-horizontal.png]
[www.cameronsworld.net/img/ui/frame-vertical.png]
[www.cameronsworld.net/img/ui/frame-vertical-top.png]
[www.cameronsworld.net/img/ui/frame-vertical-bottom.png]
[www.cameronsworld.net/img/content/23/frame-0/1.png]
[www.cameronsworld.net/img/content/23/frame-0/2.png]
[www.cameronsworld.net/img/content/23/frame-1/bg.png]
[www.cameronsworld.net/img/content/23/frame-1/1.png]
[www.cameronsworld.net/img/content/23/frame-1/1-start.png]
[www.cameronsworld.net/img/content/23/frame-1/1-end.png]
[www.cameronsworld.net/img/content/23/frame-2/2.png]
[www.cameronsworld.net/img/content/23/frame-2/2.gif]
[www.cameronsworld.net/img/content/23/frame-2/3.png]
[www.cameronsworld.net/img/content/23/frame-2/3.gif]
[www.cameronsworld.net/img/content/23/frame-2/1.png]
[www.cameronsworld.net/img/content/23/frame-2/4.png]
[www.cameronsworld.net/img/content/23/frame-2/5.png]
[www.cameronsworld.net/img/content/23/frame-2/6.png]
[www.cameronsworld.net/img/content/23/frame-2/6.gif]
[www.cameronsworld.net/img/content/23/frame-2/7.png]
[www.cameronsworld.net/img/content/23/frame-2/7.gif]
[www.cameronsworld.net/img/content/23/frame-3/1.png]
[www.cameronsworld.net/img/content/23/frame-3/1.gif]
[www.cameronsworld.net/img/content/23/frame-3/2.png]
[www.cameronsworld.net/img/content/23/frame-4/1.png]
[www.cameronsworld.net/img/content/23/frame-4/1.gif]
[www.cameronsworld.net/img/content/23/frame-4/2.png]
[www.cameronsworld.net/img/content/23/frame-4/3.png]
[www.cameronsworld.net/img/content/23/frame-4/4.png]
[www.cameronsworld.net/img/content/23/frame-4/6.png]
[www.cameronsworld.net/img/content/23/frame-4/7.png]
[www.cameronsworld.net/img/content/23/frame-4/8.png]
[www.cameronsworld.net/img/content/23/frame-4/9.png]
[www.cameronsworld.net/img/content/23/frame-4/10.png]
[www.cameronsworld.net/img/content/23/frame-4/11.png]
[www.cameronsworld.net/img/content/23/frame-4/12.png]
[www.cameronsworld.net/img/content/23/frame-4/13.png]
[www.cameronsworld.net/img/content/23/frame-4/14.png]
[www.cameronsworld.net/img/content/23/frame-4/15.png]
[www.cameronsworld.net/img/content/23/frame-4/15.gif]
[www.cameronsworld.net/img/content/23/frame-4/16.png]
[www.cameronsworld.net/img/content/23/frame-4/17.png]
[www.cameronsworld.net/img/content/23/frame-4/18.png]
[www.cameronsworld.net/img/content/23/frame-5/bg.png]
[www.cameronsworld.net/img/content/23/frame-6/1.png]
[www.cameronsworld.net/img/content/23/frame-6/1.gif]
[www.cameronsworld.net/img/content/23/frame-6/bg.png]
[www.cameronsworld.net/img/content/23/frame-7/4.png]
[www.cameronsworld.net/img/content/23/frame-7/5.png]
[www.cameronsworld.net/img/content/23/frame-7/1.png]
[www.cameronsworld.net/img/content/23/frame-7/2.png]
[www.cameronsworld.net/img/content/23/frame-7/2.gif]
[www.cameronsworld.net/img/content/23/frame-7/3.png]
[www.cameronsworld.net/img/content/23/frame-8/bg.png]
[www.cameronsworld.net/img/content/23/frame-9/bg.png]
[www.cameronsworld.net/img/content/23/frame-10/bg.png]
[www.cameronsworld.net/img/content/23/frame-10/1.png]
[www.cameronsworld.net/img/content/23/frame-10/2.png]
[www.cameronsworld.net/img/content/23/frame-10/2.gif]
[www.cameronsworld.net/img/content/23/frame-11/bg.png]
[www.cameronsworld.net/img/content/23/frame-12/1.png]
[www.cameronsworld.net/img/content/23/frame-13/bg.png]
[www.cameronsworld.net/img/content/23/frame-13/1.png]
[www.cameronsworld.net/img/content/23/frame-13/1.gif]
[www.cameronsworld.net/img/content/23/frame-14/bg.png]
[www.cameronsworld.net/img/content/23/frame-14/1.png]
[www.cameronsworld.net/img/content/23/frame-15/1.png]
[www.cameronsworld.net/img/content/23/frame-16/bg.png]
[www.cameronsworld.net/img/content/23/frame-16/1.png]
[www.cameronsworld.net/img/content/23/frame-17/bg.png]
[www.cameronsworld.net/img/content/23/frame-18/1.png]
[www.cameronsworld.net/img/content/23/frame-19/1.png]
[www.cameronsworld.net/img/content/23/frame-20/1.png]
[www.cameronsworld.net/img/content/23/frame-20/2.png]
[www.cameronsworld.net/img/content/23/frame-20/2.gif]
[www.cameronsworld.net/img/content/23/frame-21/bg.png]
[www.cameronsworld.net/img/content/23/frame-23/1.png]
[www.cameronsworld.net/img/content/23/frame-25/1.png]
[www.cameronsworld.net/img/content/23/frame-25/1.gif]
[www.cameronsworld.net/img/content/23/frame-26/bg.gif]
[www.cameronsworld.net/img/content/23/frame-28/bg.png]
[www.cameronsworld.net/img/content/23/frame-28/1.png]
[www.cameronsworld.net/img/content/23/frame-29/bg.png]
[www.cameronsworld.net/img/content/23/frame-29/1.png]
[www.cameronsworld.net/img/content/23/frame-30/1.jpg]
[www.cameronsworld.net/img/content/23/frame-31/1.png]
[www.cameronsworld.net/img/content/23/frame-32/bg.png]
[www.cameronsworld.net/img/content/23/frame-32/1.png]
[www.cameronsworld.net/img/content/23/frame-32/1.gif]
[www.cameronsworld.net/img/content/23/frame-32/2.png]
[www.cameronsworld.net/img/content/23/frame-32/2.gif]
[www.cameronsworld.net/img/content/23/frame-32/3.png]
[www.cameronsworld.net/img/content/23/frame-32/3.gif]
[www.cameronsworld.net/img/content/23/frame-32/4.png]
[www.cameronsworld.net/img/content/23/frame-32/4.gif]
[www.cameronsworld.net/img/content/23/frame-32/5.png]
[www.cameronsworld.net/img/content/23/frame-32/5.gif]
[www.cameronsworld.net/img/content/23/frame-32/6.png]
[www.cameronsworld.net/img/content/23/frame-32/6.gif]
[www.cameronsworld.net/img/content/23/frame-32/7.png]
[www.cameronsworld.net/img/content/23/frame-32/7.gif]
[www.cameronsworld.net/img/content/23/frame-32/8.png]
[www.cameronsworld.net/img/content/23/frame-32/8.gif]
[www.cameronsworld.net/img/content/23/frame-32/9.png]
[www.cameronsworld.net/img/content/23/frame-32/9.gif]
[www.cameronsworld.net/img/content/23/frame-32/10.png]
[www.cameronsworld.net/img/content/23/frame-32/10.gif]
[www.cameronsworld.net/img/content/23/frame-32/11.png]
[www.cameronsworld.net/img/content/23/frame-32/11.gif]
[www.cameronsworld.net/img/content/23/frame-32/12.png]
[www.cameronsworld.net/img/content/23/frame-32/12.gif]
[www.cameronsworld.net/img/content/23/frame-32/13.png]
[www.cameronsworld.net/img/content/23/frame-32/13.gif]
[www.cameronsworld.net/img/content/23/frame-33/1.png]
[www.cameronsworld.net/img/content/23/frame-34/1.png]
[www.cameronsworld.net/img/content/23/frame-35/bg.png]
[www.cameronsworld.net/img/content/23/frame-35/1.png]
[www.cameronsworld.net/img/content/23/frame-36/1.png]
[www.cameronsworld.net/img/content/23/frame-37/bg.jpg]
[www.cameronsworld.net/img/content/23/frame-37/1.png]
[www.cameronsworld.net/img/content/23/frame-37/2.png]
[www.cameronsworld.net/img/content/23/frame-38/bg.png]
[www.cameronsworld.net/img/content/23/frame-38/1a.jpg]
[www.cameronsworld.net/img/content/23/frame-38/1b.jpg]
[www.cameronsworld.net/img/content/24/bg.jpg]
[www.cameronsworld.net/img/ui/cursor-dino.png]
[www.cameronsworld.net/img/content/24/1.png]
[www.cameronsworld.net/img/content/24/30.png]
[www.cameronsworld.net/img/content/24/5.png]
[www.cameronsworld.net/img/content/24/5.gif]
[www.cameronsworld.net/img/content/24/8.png]
[www.cameronsworld.net/img/content/24/8.gif]
[www.cameronsworld.net/img/content/24/13.png]
[www.cameronsworld.net/img/content/24/13.gif]
[www.cameronsworld.net/img/content/24/14.png]
[www.cameronsworld.net/img/content/24/14.gif]
[www.cameronsworld.net/img/content/24/17.png]
[www.cameronsworld.net/img/content/24/17.gif]
[www.cameronsworld.net/img/content/24/31.png]
[www.cameronsworld.net/img/content/24/31.gif]
[www.cameronsworld.net/img/content/24/32.png]
[www.cameronsworld.net/img/content/24/32.gif]
[www.cameronsworld.net/img/content/24/33.png]
[www.cameronsworld.net/img/content/24/33.gif]
[www.cameronsworld.net/img/content/24/34.png]
[www.cameronsworld.net/img/content/24/34.gif]
[www.cameronsworld.net/img/content/24/35.png]
[www.cameronsworld.net/img/content/24/35.gif]
[www.cameronsworld.net/img/content/24/39.png]
[www.cameronsworld.net/img/content/24/39.gif]
[www.cameronsworld.net/img/content/24/40.png]
[www.cameronsworld.net/img/content/24/40.gif]
[www.cameronsworld.net/img/content/24/41.png]
[www.cameronsworld.net/img/content/24/41.gif]
[www.cameronsworld.net/img/content/24/42.png]
[www.cameronsworld.net/img/content/24/42.gif]
[www.cameronsworld.net/img/content/24/43.png]
[www.cameronsworld.net/img/content/24/43.gif]
[www.cameronsworld.net/img/content/24/45.png]
[www.cameronsworld.net/img/content/24/45.gif]
[www.cameronsworld.net/img/content/24/49.png]
[www.cameronsworld.net/img/content/24/49.gif]
[www.cameronsworld.net/img/content/24/50.png]
[www.cameronsworld.net/img/content/24/50.gif]
[www.cameronsworld.net/img/content/24/51.png]
[www.cameronsworld.net/img/content/24/51.gif]
[www.cameronsworld.net/img/content/24/53.png]
[www.cameronsworld.net/img/content/24/53.gif]
[www.cameronsworld.net/img/content/24/54.png]
[www.cameronsworld.net/img/content/24/54.gif]
[www.cameronsworld.net/img/content/24/56.png]
[www.cameronsworld.net/img/content/24/56.gif]
[www.cameronsworld.net/img/content/24/57.png]
[www.cameronsworld.net/img/content/24/57.gif]
[www.cameronsworld.net/img/content/24/58.png]
[www.cameronsworld.net/img/content/24/58.gif]
[www.cameronsworld.net/img/content/24/60.png]
[www.cameronsworld.net/img/content/24/60.gif]
[www.cameronsworld.net/img/content/24/61.png]
[www.cameronsworld.net/img/content/24/61.gif]
[www.cameronsworld.net/img/content/24/62.png]
[www.cameronsworld.net/img/content/24/62.gif]
[www.cameronsworld.net/img/content/24/63.png]
[www.cameronsworld.net/img/content/24/63.gif]
[www.cameronsworld.net/img/content/24/65.png]
[www.cameronsworld.net/img/content/24/65.gif]
[www.cameronsworld.net/img/content/24/66.png]
[www.cameronsworld.net/img/content/24/66.gif]
[www.cameronsworld.net/img/content/24/67.png]
[www.cameronsworld.net/img/content/24/67.gif]
[www.cameronsworld.net/img/content/24/68.png]
[www.cameronsworld.net/img/content/24/68.gif]
[www.cameronsworld.net/img/content/24/69.png]
[www.cameronsworld.net/img/content/24/69.gif]
[www.cameronsworld.net/img/content/24/70.png]
[www.cameronsworld.net/img/content/24/70.gif]
[www.cameronsworld.net/img/content/24/71.png]
[www.cameronsworld.net/img/content/24/71.gif]
[www.cameronsworld.net/img/content/25/bg.png]
[www.cameronsworld.net/img/content/25/1.png]
[www.cameronsworld.net/img/content/25/2.png]
[www.cameronsworld.net/img/content/25/5.png]
[www.cameronsworld.net/img/content/25/5.gif]
[www.cameronsworld.net/img/content/25/6.png]
[www.cameronsworld.net/img/content/25/6.gif]
[www.cameronsworld.net/img/content/25/7.png]
[www.cameronsworld.net/img/content/25/7.gif]
[www.cameronsworld.net/img/content/25/8.png]
[www.cameronsworld.net/img/content/25/8.gif]
[www.cameronsworld.net/img/content/25/9.png]
[www.cameronsworld.net/img/content/25/9.gif]
[www.cameronsworld.net/img/content/25/10.png]
[www.cameronsworld.net/img/content/25/10.gif]
[www.cameronsworld.net/img/content/25/11.png]
[www.cameronsworld.net/img/content/25/11.gif]
[www.cameronsworld.net/img/content/25/12.png]
[www.cameronsworld.net/img/content/25/12.gif]
[www.cameronsworld.net/img/content/25/13.png]
[www.cameronsworld.net/img/content/25/13.gif]
[www.cameronsworld.net/img/content/25/14.png]
[www.cameronsworld.net/img/content/25/14.gif]
[www.cameronsworld.net/img/content/25/15.png]
[www.cameronsworld.net/img/content/25/15.gif]
[www.cameronsworld.net/img/content/25/16.png]
[www.cameronsworld.net/img/content/25/16.gif]
[www.cameronsworld.net/img/content/25/17.png]
[www.cameronsworld.net/img/content/25/17.gif]
[www.cameronsworld.net/img/content/25/18.png]
[www.cameronsworld.net/img/content/25/18.gif]
[www.cameronsworld.net/img/content/25/19.png]
[www.cameronsworld.net/img/content/25/19.gif]
[www.cameronsworld.net/img/content/25/3-active.gif]
[www.cameronsworld.net/img/content/25/4.png]
[www.cameronsworld.net/img/content/25/3.png]
[www.cameronsworld.net/img/content/26/bg.png]
[www.cameronsworld.net/img/content/26/1.png]
[www.cameronsworld.net/img/content/26/2.png]
[www.cameronsworld.net/img/content/26/3.png]
[www.cameronsworld.net/img/content/26/4.png]
[www.cameronsworld.net/img/content/26/right-side/24.png]
[www.cameronsworld.net/img/content/26/shelf/8.png]
[www.cameronsworld.net/img/content/26/container/6.png]
[www.cameronsworld.net/img/content/26/container/7.png]
[www.cameronsworld.net/img/content/26/container/8.png]
[www.cameronsworld.net/img/content/26/container/8.gif]
[www.cameronsworld.net/img/content/26/container/9.png]
[www.cameronsworld.net/img/content/26/container/10.png]
[www.cameronsworld.net/img/content/26/container/11.png]
[www.cameronsworld.net/img/content/26/container/11.gif]
[www.cameronsworld.net/img/content/26/container/12.png]
[www.cameronsworld.net/img/content/26/shelf/bg.png]
[www.cameronsworld.net/img/content/26/shelf/1.png]
[www.cameronsworld.net/img/content/26/shelf/1.gif]
[www.cameronsworld.net/img/content/26/shelf/2.png]
[www.cameronsworld.net/img/content/26/shelf/2.gif]
[www.cameronsworld.net/img/content/26/shelf/3.png]
[www.cameronsworld.net/img/content/26/shelf/3.gif]
[www.cameronsworld.net/img/content/26/shelf/9.png]
[www.cameronsworld.net/img/content/26/shelf/9.gif]
[www.cameronsworld.net/img/content/26/shelf/11.png]
[www.cameronsworld.net/img/content/26/shelf/11.gif]
[www.cameronsworld.net/img/content/26/shelf/12.png]
[www.cameronsworld.net/img/content/26/shelf/12.gif]
[www.cameronsworld.net/img/content/26/shelf/13.png]
[www.cameronsworld.net/img/content/26/shelf/13.gif]
[www.cameronsworld.net/img/content/26/shelf/19.png]
[www.cameronsworld.net/img/content/26/shelf/19.gif]
[www.cameronsworld.net/img/content/26/shelf/20.png]
[www.cameronsworld.net/img/content/26/shelf/22.png]
[www.cameronsworld.net/img/content/26/shelf/22.gif]
[www.cameronsworld.net/img/content/26/shelf/24.png]
[www.cameronsworld.net/img/content/26/shelf/24.gif]
[www.cameronsworld.net/img/content/26/shelf/25.png]
[www.cameronsworld.net/img/content/26/shelf/25.gif]
[www.cameronsworld.net/img/content/26/shelf/27.png]
[www.cameronsworld.net/img/content/26/shelf/27.gif]
[www.cameronsworld.net/img/content/26/shelf/28.png]
[www.cameronsworld.net/img/content/26/shelf/28.gif]
[www.cameronsworld.net/img/content/26/shelf/29.png]
[www.cameronsworld.net/img/content/26/shelf/29.gif]
[www.cameronsworld.net/img/content/26/left-side/1.png]
[www.cameronsworld.net/img/content/26/left-side/2.png]
[www.cameronsworld.net/img/content/26/left-side/2.gif]
[www.cameronsworld.net/img/content/26/left-side/3.png]
[www.cameronsworld.net/img/content/26/left-side/4.png]
[www.cameronsworld.net/img/content/26/left-side/4.gif]
[www.cameronsworld.net/img/content/26/left-side/5.png]
[www.cameronsworld.net/img/content/26/left-side/6.png]
[www.cameronsworld.net/img/content/26/left-side/7.png]
[www.cameronsworld.net/img/content/26/left-side/8.png]
[www.cameronsworld.net/img/content/26/left-side/9.png]
[www.cameronsworld.net/img/content/26/left-side/10.png]
[www.cameronsworld.net/img/content/26/left-side/10.gif]
[www.cameronsworld.net/img/content/26/left-side/11.png]
[www.cameronsworld.net/img/content/26/left-side/11.gif]
[www.cameronsworld.net/img/content/26/left-side/12.png]
[www.cameronsworld.net/img/content/26/left-side/12.gif]
[www.cameronsworld.net/img/content/26/left-side/13.png]
[www.cameronsworld.net/img/content/26/left-side/13.gif]
[www.cameronsworld.net/img/content/26/left-side/14.png]
[www.cameronsworld.net/img/content/26/left-side/14.gif]
[www.cameronsworld.net/img/content/26/left-side/15.png]
[www.cameronsworld.net/img/content/26/left-side/15.gif]
[www.cameronsworld.net/img/content/26/left-side/16.png]
[www.cameronsworld.net/img/content/26/left-side/16.gif]
[www.cameronsworld.net/img/content/26/right-side/1.png]
[www.cameronsworld.net/img/content/26/right-side/1.gif]
[www.cameronsworld.net/img/content/26/right-side/2.png]
[www.cameronsworld.net/img/content/26/right-side/2.gif]
[www.cameronsworld.net/img/content/26/right-side/9.png]
[www.cameronsworld.net/img/content/26/right-side/9.gif]
[www.cameronsworld.net/img/content/26/right-side/10.png]
[www.cameronsworld.net/img/content/26/right-side/15.png]
[www.cameronsworld.net/img/content/26/right-side/15.gif]
[www.cameronsworld.net/img/content/26/right-side/17.png]
[www.cameronsworld.net/img/content/26/right-side/17.gif]
[www.cameronsworld.net/img/content/26/right-side/23.png]
[www.cameronsworld.net/img/content/26/right-side/23.gif]
[www.cameronsworld.net/img/content/27/2.png]
[www.cameronsworld.net/img/content/27/2.gif]
[www.cameronsworld.net/img/content/27/3.png]
[www.cameronsworld.net/img/content/27/3.gif]
[www.cameronsworld.net/img/content/27/4.png]
[www.cameronsworld.net/img/content/27/4.gif]
[www.cameronsworld.net/img/content/27/5.png]
[www.cameronsworld.net/img/content/27/5.gif]
[www.cameronsworld.net/img/content/27/6.png]
[www.cameronsworld.net/img/content/27/6.gif]
[www.cameronsworld.net/img/content/27/7.png]
[www.cameronsworld.net/img/content/27/7.gif]
[www.cameronsworld.net/img/content/27/8.png]
[www.cameronsworld.net/img/content/27/8.gif]
[www.cameronsworld.net/img/content/27/10.png]
[www.cameronsworld.net/img/content/27/10.gif]
[www.cameronsworld.net/img/content/27/11.png]
[www.cameronsworld.net/img/content/27/11.gif]
[www.cameronsworld.net/img/content/27/12.png]
[www.cameronsworld.net/img/content/27/12.gif]
[www.cameronsworld.net/img/content/27/14.png]
[www.cameronsworld.net/img/content/27/14.gif]
[www.cameronsworld.net/img/content/27/15.png]
[www.cameronsworld.net/img/content/27/15.gif]
[www.cameronsworld.net/img/content/27/16.png]
[www.cameronsworld.net/img/content/27/16.gif]
[www.cameronsworld.net/img/content/27/17.png]
[www.cameronsworld.net/img/content/27/17.gif]
[www.cameronsworld.net/img/content/27/18.png]
[www.cameronsworld.net/img/content/27/18.gif]
[www.cameronsworld.net/img/content/27/19.png]
[www.cameronsworld.net/img/content/27/19.gif]
[www.cameronsworld.net/img/content/27/22.png]
[www.cameronsworld.net/img/content/27/22.gif]
[www.cameronsworld.net/img/content/27/24.png]
[www.cameronsworld.net/img/content/27/24.gif]
[www.cameronsworld.net/img/content/27/25.png]
[www.cameronsworld.net/img/content/27/25.gif]
[www.cameronsworld.net/img/content/27/29.png]
[www.cameronsworld.net/img/content/27/29.gif]
[www.cameronsworld.net/img/content/27/31.png]
[www.cameronsworld.net/img/content/27/31.gif]
[www.cameronsworld.net/img/content/27/32.png]
[www.cameronsworld.net/img/content/27/32.gif]
[www.cameronsworld.net/img/content/27/34.png]
[www.cameronsworld.net/img/content/27/34.gif]
[www.cameronsworld.net/img/content/27/36.png]
[www.cameronsworld.net/img/content/27/36.gif]
[www.cameronsworld.net/img/content/27/37.png]
[www.cameronsworld.net/img/content/27/37.gif]
[www.cameronsworld.net/img/content/27/41.png]
[www.cameronsworld.net/img/content/27/41.gif]
[www.cameronsworld.net/img/content/28/bg.png]
[www.cameronsworld.net/img/content/28/1.png]
[www.cameronsworld.net/img/content/28/1.gif]
[www.cameronsworld.net/img/content/28/3.gif]
[www.cameronsworld.net/img/content/28/4.png]
[www.cameronsworld.net/img/content/28/4.gif]
[www.cameronsworld.net/img/content/28/5.gif]
[www.cameronsworld.net/img/content/28/6.gif]
[www.cameronsworld.net/img/content/28/7.gif]
[www.cameronsworld.net/img/content/28/8.gif]
[www.cameronsworld.net/img/content/28/9.gif]
[www.cameronsworld.net/img/content/28/10.png]
[www.cameronsworld.net/img/content/28/10.gif]
[www.cameronsworld.net/img/content/28/11.gif]
[www.cameronsworld.net/img/content/28/12.gif]
[www.cameronsworld.net/img/content/28/13.gif]
[www.cameronsworld.net/img/content/28/14.png]
[www.cameronsworld.net/img/content/28/14.gif]
[www.cameronsworld.net/img/content/28/16.png]
[www.cameronsworld.net/img/content/28/16.gif]
[www.cameronsworld.net/img/content/28/21.gif]
[www.cameronsworld.net/img/content/28/22.gif]
[www.cameronsworld.net/img/content/28/20.png]
[www.cameronsworld.net/img/content/29/bg.png]
[www.cameronsworld.net/img/content/29/1.png]
[www.cameronsworld.net/img/content/29/2.png]
[www.cameronsworld.net/img/content/29/4.png]
[www.cameronsworld.net/img/content/29/4.gif]
[www.cameronsworld.net/img/content/29/5.png]
[www.cameronsworld.net/img/content/29/5.gif]
[www.cameronsworld.net/img/content/29/6.png]
[www.cameronsworld.net/img/content/29/6.gif]
[www.cameronsworld.net/img/content/29/7.png]
[www.cameronsworld.net/img/content/29/7.gif]
[www.cameronsworld.net/img/content/29/9.png]
[www.cameronsworld.net/img/content/29/9.gif]
[www.cameronsworld.net/img/content/29/10.png]
[www.cameronsworld.net/img/content/29/10.gif]
[www.cameronsworld.net/img/content/29/11.png]
[www.cameronsworld.net/img/content/29/11.gif]
[www.cameronsworld.net/img/content/29/12.png]
[www.cameronsworld.net/img/content/29/12.gif]
[www.cameronsworld.net/img/content/29/15.png]
[www.cameronsworld.net/img/content/29/15.gif]
[www.cameronsworld.net/img/content/29/16.png]
[www.cameronsworld.net/img/content/29/16.gif]
[www.cameronsworld.net/img/content/29/19.png]
[www.cameronsworld.net/img/content/29/19.gif]
[www.cameronsworld.net/img/content/29/20.gif]
[www.cameronsworld.net/img/content/29/21.png]
[www.cameronsworld.net/img/content/29/21.gif]
[www.cameronsworld.net/img/content/29/22.png]
[www.cameronsworld.net/img/content/29/22.gif]
[www.cameronsworld.net/img/content/29/23.png]
[www.cameronsworld.net/img/content/29/23.gif]
[www.cameronsworld.net/img/content/29/27.png]
[www.cameronsworld.net/img/content/29/27.gif]
[www.cameronsworld.net/img/content/29/28.png]
[www.cameronsworld.net/img/content/29/28.gif]
[www.cameronsworld.net/img/content/29/29.png]
[www.cameronsworld.net/img/content/29/30.png]
[www.cameronsworld.net/img/content/29/30.gif]
[www.cameronsworld.net/img/content/30/bg.png]
[www.cameronsworld.net/img/content/30/1.png]
[www.cameronsworld.net/img/content/30/2.png]
[www.cameronsworld.net/img/content/30/3.gif]
[www.cameronsworld.net/img/content/30/4.gif]
[www.cameronsworld.net/img/content/30/5.png]
[www.cameronsworld.net/img/content/30/5.gif]
[www.cameronsworld.net/img/content/30/6.png]
[www.cameronsworld.net/img/content/30/6.gif]
[www.cameronsworld.net/img/content/30/7.png]
[www.cameronsworld.net/img/content/30/7.gif]
[www.cameronsworld.net/img/content/30/8.png]
[www.cameronsworld.net/img/content/30/8.gif]
[www.cameronsworld.net/img/content/30/9.png]
[www.cameronsworld.net/img/content/30/9.gif]
[www.cameronsworld.net/img/content/30/10.png]
[www.cameronsworld.net/img/content/30/10.gif]
[www.cameronsworld.net/img/content/30/11.png]
[www.cameronsworld.net/img/content/30/11.gif]
[www.cameronsworld.net/img/content/30/12.png]
[www.cameronsworld.net/img/content/30/12.gif]
[www.cameronsworld.net/img/content/30/13.png]
[www.cameronsworld.net/img/content/30/13.gif]
[www.cameronsworld.net/img/content/30/14.png]
[www.cameronsworld.net/img/content/30/14.gif]
[www.cameronsworld.net/img/content/30/16.png]
[www.cameronsworld.net/img/content/30/16.gif]
[www.cameronsworld.net/img/content/30/17.png]
[www.cameronsworld.net/img/content/30/17.gif]
[www.cameronsworld.net/img/content/30/18.png]
[www.cameronsworld.net/img/content/30/18.gif]
[www.cameronsworld.net/img/content/30/20.png]
[www.cameronsworld.net/img/content/30/20.gif]
[www.cameronsworld.net/img/content/30/21.gif]
[www.cameronsworld.net/img/content/30/22.gif]
[www.cameronsworld.net/img/content/30/23.png]
[www.cameronsworld.net/img/content/30/23.gif]
[www.cameronsworld.net/img/content/30/24.gif]
[www.cameronsworld.net/img/content/30/25.gif]
[www.cameronsworld.net/img/content/30/26.gif]
[www.cameronsworld.net/img/content/30/27.gif]
[www.cameronsworld.net/img/content/30/28.gif]
[www.cameronsworld.net/img/content/30/29.gif]
[www.cameronsworld.net/img/content/30/30.png]
[www.cameronsworld.net/img/content/30/30.gif]
[www.cameronsworld.net/img/content/30/31.png]
[www.cameronsworld.net/img/content/30/31.gif]
[www.cameronsworld.net/img/content/30/32.png]
[www.cameronsworld.net/img/content/30/32.gif]
[www.cameronsworld.net/img/content/30/33.png]
[www.cameronsworld.net/img/content/30/33.gif]
[www.cameronsworld.net/img/content/30/34.png]
[www.cameronsworld.net/img/content/30/34.gif]
[www.cameronsworld.net/img/content/30/36.gif]
[www.cameronsworld.net/img/content/30/37.gif]
[www.cameronsworld.net/img/content/30/38.gif]
[www.cameronsworld.net/img/content/30/40.png]
[www.cameronsworld.net/img/content/30/40.gif]
[www.cameronsworld.net/img/content/30/41.png]
[www.cameronsworld.net/img/content/30/41.gif]
[www.cameronsworld.net/img/content/30/42.gif]
[www.cameronsworld.net/img/content/30/43.gif]
[www.cameronsworld.net/img/content/30/44.gif]
[www.cameronsworld.net/img/content/30/45.gif]
[www.cameronsworld.net/img/content/30/46.png]
[www.cameronsworld.net/img/content/30/46.gif]
[www.cameronsworld.net/img/content/30/47.png]
[www.cameronsworld.net/img/content/30/47.gif]
[www.cameronsworld.net/img/content/30/48.png]
[www.cameronsworld.net/img/content/30/48.gif]
[www.cameronsworld.net/img/content/30/49.gif]
[www.cameronsworld.net/img/content/30/50.gif]
[www.cameronsworld.net/img/content/30/51.png]
[www.cameronsworld.net/img/content/30/51.gif]
[www.cameronsworld.net/img/content/30/52.png]
[www.cameronsworld.net/img/content/30/52.gif]
[www.cameronsworld.net/img/content/30/55.gif]
[www.cameronsworld.net/img/content/30/56.gif]
[www.cameronsworld.net/img/content/30/58.gif]
[www.cameronsworld.net/img/content/30/59.gif]
[www.cameronsworld.net/img/content/30/60.gif]
[www.cameronsworld.net/img/content/30/61.gif]
[www.cameronsworld.net/img/content/30/62.png]
[www.cameronsworld.net/img/content/30/62.gif]
[www.cameronsworld.net/img/content/30/65.png]
[www.cameronsworld.net/img/content/30/65.gif]
[www.cameronsworld.net/img/content/30/66.png]
[www.cameronsworld.net/img/content/30/66.gif]
[www.cameronsworld.net/img/content/30/67.png]
[www.cameronsworld.net/img/content/30/67.gif]
[www.cameronsworld.net/img/content/30/69.png]
[www.cameronsworld.net/img/content/30/69.gif]
[www.cameronsworld.net/img/content/30/70.gif]
[www.cameronsworld.net/img/content/30/71.gif]
[www.cameronsworld.net/img/content/30/72.png]
[www.cameronsworld.net/img/content/30/72.gif]
[www.cameronsworld.net/img/content/30/73.png]
[www.cameronsworld.net/img/content/30/73.gif]
[www.cameronsworld.net/img/content/30/74.png]
[www.cameronsworld.net/img/content/30/74.gif]
[www.cameronsworld.net/img/content/30/75.png]
[www.cameronsworld.net/img/content/30/75.gif]
[www.cameronsworld.net/img/content/30/76.png]
[www.cameronsworld.net/img/content/30/76.gif]
[www.cameronsworld.net/img/content/30/77.png]
[www.cameronsworld.net/img/content/30/77.gif]
[www.cameronsworld.net/img/content/30/78.gif]
[www.cameronsworld.net/img/content/30/79.gif]
[www.cameronsworld.net/img/content/30/84.gif]
[www.cameronsworld.net/img/content/30/84.png]
[www.cameronsworld.net/img/content/30/87.png]
[www.cameronsworld.net/img/content/30/87.gif]
[www.cameronsworld.net/img/content/30/88.png]
[www.cameronsworld.net/img/content/30/88.gif]
[www.cameronsworld.net/img/content/30/89.png]
[www.cameronsworld.net/img/content/30/89.gif]
[www.cameronsworld.net/img/content/30/91.png]
[www.cameronsworld.net/img/content/30/91.gif]
[www.cameronsworld.net/img/content/30/93.png]
[www.cameronsworld.net/img/content/30/93.gif]
[www.cameronsworld.net/img/content/30/97.png]
[www.cameronsworld.net/img/content/30/97.gif]
[www.cameronsworld.net/img/content/31/bg.png]
[www.cameronsworld.net/img/content/31/1.png]
[www.cameronsworld.net/img/content/31/2.png]
[www.cameronsworld.net/img/content/31/5.png]
[www.cameronsworld.net/img/content/31/7.png]
[www.cameronsworld.net/img/content/31/12.png]
[www.cameronsworld.net/img/content/31/12.gif]
[www.cameronsworld.net/img/content/31/13.png]
[www.cameronsworld.net/img/content/31/13.gif]
[www.cameronsworld.net/img/content/31/14.png]
[www.cameronsworld.net/img/content/31/14.gif]
[www.cameronsworld.net/img/content/31/15.png]
[www.cameronsworld.net/img/content/31/15.gif]
[www.cameronsworld.net/img/content/31/16.png]
[www.cameronsworld.net/img/content/31/16.gif]
[www.cameronsworld.net/img/content/31/left-side/5.png]
[www.cameronsworld.net/img/content/31/left-side/6.png]
[www.cameronsworld.net/img/content/31/left-side/6.gif]
[www.cameronsworld.net/img/content/31/left-side/1.png]
[www.cameronsworld.net/img/content/31/left-side/2.png]
[www.cameronsworld.net/img/content/31/left-side/3.png]
[www.cameronsworld.net/img/content/31/left-side/4.png]
[www.cameronsworld.net/img/content/31/left-side/4-start.png]
[www.cameronsworld.net/img/content/31/left-side/4-end.png]
[www.cameronsworld.net/img/content/31/left-side/7.gif]
[www.cameronsworld.net/img/content/31/left-side/8.png]
[www.cameronsworld.net/img/content/31/left-side/9.png]
[www.cameronsworld.net/img/content/31/left-side/9-start.png]
[www.cameronsworld.net/img/content/31/left-side/9-end.png]
[www.cameronsworld.net/img/content/31/middle/4.png]
[www.cameronsworld.net/img/content/31/middle/4.gif]
[www.cameronsworld.net/img/content/31/middle/5.png]
[www.cameronsworld.net/img/content/31/middle/5.gif]
[www.cameronsworld.net/img/content/31/middle/11.png]
[www.cameronsworld.net/img/content/31/middle/7.png]
[www.cameronsworld.net/img/content/31/middle/10.png]
[www.cameronsworld.net/img/content/31/right-side/1.png]
[www.cameronsworld.net/img/content/31/right-side/2.png]
[www.cameronsworld.net/img/content/31/right-side/2.gif]
[www.cameronsworld.net/img/content/31/right-side/3.png]
[www.cameronsworld.net/img/content/31/right-side/4.png]
[www.cameronsworld.net/img/content/31/right-side/10.png]
[www.cameronsworld.net/img/content/31/right-side/11.png]
[www.cameronsworld.net/img/content/31/right-side/12.png]
[www.cameronsworld.net/img/content/31/right-side/6.png]
[www.cameronsworld.net/img/content/31/right-side/6-start.png]
[www.cameronsworld.net/img/content/31/right-side/6-end.png]
[www.cameronsworld.net/img/content/31/right-side/7.png]
[www.cameronsworld.net/img/content/31/right-side/7-start.png]
[www.cameronsworld.net/img/content/31/right-side/7-end.png]
[www.cameronsworld.net/img/content/31/right-side/9.png]
[www.cameronsworld.net/img/content/31/right-side/9-start.png]
[www.cameronsworld.net/img/content/31/right-side/9-end.png]
[www.cameronsworld.net/img/content/31/rainbow/1.png]
[www.cameronsworld.net/img/content/31/rainbow/2.png]
[www.cameronsworld.net/img/content/31/rainbow/2.gif]
[www.cameronsworld.net/img/content/31/rainbow/3.png]
[www.cameronsworld.net/img/content/31/rainbow/3.gif]
[www.cameronsworld.net/img/content/31/rainbow/4.png]
[www.cameronsworld.net/img/content/31/rainbow/6.png]
[www.cameronsworld.net/img/content/31/rainbow/6.gif]
[www.cameronsworld.net/img/content/31/rainbow/7.png]
[www.cameronsworld.net/img/content/31/rainbow/7.gif]
[www.cameronsworld.net/img/content/31/rainbow/9.png]
[www.cameronsworld.net/img/content/31/rainbow/9.gif]
[www.cameronsworld.net/img/content/31/rainbow/10.png]
[www.cameronsworld.net/img/content/31/rainbow/10.gif]
[www.cameronsworld.net/img/content/31/rainbow/11.png]
[www.cameronsworld.net/img/content/31/rainbow/11.gif]
[www.cameronsworld.net/img/content/31/rainbow/12.png]
[www.cameronsworld.net/img/content/31/rainbow/bg.jpg]
[www.cameronsworld.net/img/content/32/bg.png]
[www.cameronsworld.net/img/content/32/1.png]
[www.cameronsworld.net/img/content/32/2.png]
[www.cameronsworld.net/img/content/32/3.png]
[www.cameronsworld.net/img/content/32/5.png]
[www.cameronsworld.net/img/content/32/100.png]
[www.cameronsworld.net/img/content/32/100.gif]
[www.cameronsworld.net/img/content/32/53.png]
[www.cameronsworld.net/img/content/32/53.gif]
[www.cameronsworld.net/img/content/32/left-wall/1.png]
[www.cameronsworld.net/img/content/32/left-wall/2.png]
[www.cameronsworld.net/img/content/32/left-wall/3.png]
[www.cameronsworld.net/img/content/32/left-wall/4.png]
[www.cameronsworld.net/img/content/32/left-wall/6.png]
[www.cameronsworld.net/img/content/32/left-wall/6.gif]
[www.cameronsworld.net/img/content/32/right-wall/1.png]
[www.cameronsworld.net/img/content/32/right-wall/2.png]
[www.cameronsworld.net/img/content/32/right-wall/3.png]
[www.cameronsworld.net/img/content/32/right-wall/4.png]
[www.cameronsworld.net/img/content/32/treasure-room/6.png]
[www.cameronsworld.net/img/content/32/treasure-room/6.gif]
[www.cameronsworld.net/img/content/32/treasure-room/9.png]
[www.cameronsworld.net/img/content/32/treasure-room/9.gif]
[www.cameronsworld.net/img/content/32/treasure-room/13.png]
[www.cameronsworld.net/img/content/32/treasure-room/13.gif]
[www.cameronsworld.net/img/content/32/treasure-room/15.png]
[www.cameronsworld.net/img/content/32/treasure-room/15.gif]
[www.cameronsworld.net/img/content/32/treasure-room/16.png]
[www.cameronsworld.net/img/content/32/treasure-room/16.gif]
[www.cameronsworld.net/img/content/32/treasure-room/17.png]
[www.cameronsworld.net/img/content/32/treasure-room/17.gif]
[www.cameronsworld.net/img/content/32/treasure-room/21.png]
[www.cameronsworld.net/img/content/32/treasure-room/21.gif]
[www.cameronsworld.net/img/content/32/treasure-room/28.png]
[www.cameronsworld.net/img/content/32/treasure-room/28.gif]
[www.cameronsworld.net/img/content/32/treasure-room/29.png]
[www.cameronsworld.net/img/content/32/treasure-room/29.gif]
[www.cameronsworld.net/img/content/32/treasure-room/32.gif]
[www.cameronsworld.net/img/content/32/treasure-room/33.gif]
[www.cameronsworld.net/img/content/32/treasure-room/34.png]
[www.cameronsworld.net/img/content/32/treasure-room/34.gif]
[www.cameronsworld.net/img/content/32/treasure-room/36.png]
[www.cameronsworld.net/img/content/32/treasure-room/36.gif]
[www.cameronsworld.net/img/content/32/treasure-room/37.png]
[www.cameronsworld.net/img/content/32/treasure-room/37.gif]
[www.cameronsworld.net/img/content/32/treasure-room/38.png]
[www.cameronsworld.net/img/content/32/treasure-room/38.gif]
[www.cameronsworld.net/img/content/32/treasure-room/39.png]
[www.cameronsworld.net/img/content/32/treasure-room/39.gif]
[www.cameronsworld.net/img/content/32/treasure-room/40.gif]
[www.cameronsworld.net/img/content/32/treasure-room/41.png]
[www.cameronsworld.net/img/content/32/treasure-room/41.gif]
[www.cameronsworld.net/img/content/32/treasure-room/42.png]
[www.cameronsworld.net/img/content/32/treasure-room/42.gif]
[www.cameronsworld.net/img/content/32/treasure-room/43.gif]
[www.cameronsworld.net/img/content/32/treasure-room/44.gif]
[www.cameronsworld.net/img/content/32/treasure-room/45.gif]
[www.cameronsworld.net/img/content/32/treasure-room/46.png]
[www.cameronsworld.net/img/content/32/treasure-room/46.gif]
[www.cameronsworld.net/img/content/32/treasure-room/47.png]
[www.cameronsworld.net/img/content/32/treasure-room/47.gif]
[www.cameronsworld.net/img/content/32/treasure-room/48.gif]
[www.cameronsworld.net/img/content/32/treasure-room/49.gif]
[www.cameronsworld.net/img/content/32/treasure-room/50.gif]
[www.cameronsworld.net/img/content/32/treasure-room/51.png]
[www.cameronsworld.net/img/content/32/treasure-room/51.gif]
[www.cameronsworld.net/img/content/32/treasure-room/52.png]
[www.cameronsworld.net/img/content/32/treasure-room/52.gif]
[www.cameronsworld.net/img/content/33/bg.png]
[www.cameronsworld.net/img/content/33/2.png]
[www.cameronsworld.net/img/content/33/2.gif]
[www.cameronsworld.net/img/content/33/3.png]
[www.cameronsworld.net/img/content/33/3.gif]
[www.cameronsworld.net/img/content/33/4.png]
[www.cameronsworld.net/img/content/33/4.gif]
[www.cameronsworld.net/img/content/33/6.png]
[www.cameronsworld.net/img/content/33/6.gif]
[www.cameronsworld.net/img/content/33/8.png]
[www.cameronsworld.net/img/content/33/8.gif]
[www.cameronsworld.net/img/content/33/9.png]
[www.cameronsworld.net/img/content/33/9.gif]
[www.cameronsworld.net/img/content/33/11.png]
[www.cameronsworld.net/img/content/33/11.gif]
[www.cameronsworld.net/img/content/33/12.png]
[www.cameronsworld.net/img/content/33/12.gif]
[www.cameronsworld.net/img/content/33/13.png]
[www.cameronsworld.net/img/content/33/13.gif]
[www.cameronsworld.net/img/content/33/14.png]
[www.cameronsworld.net/img/content/33/14.gif]
[www.cameronsworld.net/img/content/33/15.png]
[www.cameronsworld.net/img/content/33/15.gif]
[www.cameronsworld.net/img/content/33/17.png]
[www.cameronsworld.net/img/content/33/17.gif]
[www.cameronsworld.net/img/content/33/18.png]
[www.cameronsworld.net/img/content/33/18.gif]
[www.cameronsworld.net/img/content/33/19.png]
[www.cameronsworld.net/img/content/33/19.gif]
[www.cameronsworld.net/img/content/33/20.png]
[www.cameronsworld.net/img/content/33/20.gif]
[www.cameronsworld.net/img/content/33/21.png]
[www.cameronsworld.net/img/content/33/21.gif]
[www.cameronsworld.net/img/content/33/22.png]
[www.cameronsworld.net/img/content/33/22.gif]
[www.cameronsworld.net/img/content/33/23.png]
[www.cameronsworld.net/img/content/33/23.gif]
[www.cameronsworld.net/img/content/33/24.png]
[www.cameronsworld.net/img/content/33/24.gif]
[www.cameronsworld.net/img/content/33/25.png]
[www.cameronsworld.net/img/content/33/25.gif]
[www.cameronsworld.net/img/content/33/26.png]
[www.cameronsworld.net/img/content/33/26.gif]
[www.cameronsworld.net/img/content/33/27.png]
[www.cameronsworld.net/img/content/33/27.gif]
[www.cameronsworld.net/img/content/33/28.gif]
[www.cameronsworld.net/img/content/33/29.png]
[www.cameronsworld.net/img/content/33/29.gif]
[www.cameronsworld.net/img/content/33/30.png]
[www.cameronsworld.net/img/content/33/30.gif]
[www.cameronsworld.net/img/content/33/31.png]
[www.cameronsworld.net/img/content/33/31.gif]
[www.cameronsworld.net/img/content/33/32.png]
[www.cameronsworld.net/img/content/33/32.gif]
[www.cameronsworld.net/img/content/33/33.png]
[www.cameronsworld.net/img/content/33/33.gif]
[www.cameronsworld.net/img/content/33/34.png]
[www.cameronsworld.net/img/content/33/34.gif]
[www.cameronsworld.net/img/content/33/35.png]
[www.cameronsworld.net/img/content/33/35.gif]
[www.cameronsworld.net/img/content/33/38.png]
[www.cameronsworld.net/img/content/33/38.gif]
[www.cameronsworld.net/img/content/33/39.png]
[www.cameronsworld.net/img/content/33/39.gif]
[www.cameronsworld.net/img/content/33/40.png]
[www.cameronsworld.net/img/content/33/40.gif]
[www.cameronsworld.net/img/content/33/41.png]
[www.cameronsworld.net/img/content/33/41.gif]
[www.cameronsworld.net/img/content/33/42.png]
[www.cameronsworld.net/img/content/33/42.gif]
[www.cameronsworld.net/img/content/33/43.png]
[www.cameronsworld.net/img/content/33/43.gif]
[www.cameronsworld.net/img/content/33/44.png]
[www.cameronsworld.net/img/content/33/44.gif]
[www.cameronsworld.net/img/content/33/45.png]
[www.cameronsworld.net/img/content/33/45.gif]
[www.cameronsworld.net/img/content/33/48.png]
[www.cameronsworld.net/img/content/33/48.gif]
[www.cameronsworld.net/img/ui/catscape-scrollbar.png]
[www.cameronsworld.net/img/ui/catscape-scrollbar@2x.png]
[www.cameronsworld.net/img/ui/catscape-ad.gif]
[www.cameronsworld.net/img/ui/catscape-ad@2x.gif]
[www.cameronsworld.net/img/ui/catscape.png]
[www.cameronsworld.net/img/ui/catscape@2x.png]
[www.cameronsworld.net/img/ui/catscape-loader.gif]
[www.cameronsworld.net/img/ui/catscape-loader@2x.gif]
[www.cameronsworld.net/img/ui/catscape-page-ico.png]
[www.cameronsworld.net/img/ui/catscape-page-ico@2x.png]
[www.cameronsworld.net/img/ui/catscape-source-ico.png]
[www.cameronsworld.net/img/ui/catscape-source-ico@2x.png]
[www.cameronsworld.net/img/sprites/sprite23/frame-15.png]
[www.cameronsworld.net/img/sprites/sprite23/frame-14.png]
[www.cameronsworld.net/img/sprites/sprite23/frame-12.png]
[www.cameronsworld.net/img/sprites/sprite23/frame-16.png]
[www.cameronsworld.net/img/sprites/sprite23/frame-23.png]
[www.cameronsworld.net/img/sprites/sprite23/frame-18.png]
[www.cameronsworld.net/img/sprites/sprite23/frame-26.png]
[www.cameronsworld.net/img/sprites/sprite23/frame-19.png]
[www.cameronsworld.net/img/sprites/sprite23/frame-29.png]
[www.cameronsworld.net/img/sprites/sprite23/frame-28.png]
[www.cameronsworld.net/img/sprites/sprite23/frame-31.png]
[www.cameronsworld.net/img/sprites/sprite23/frame-33.png]
[www.cameronsworld.net/img/sprites/sprite23/frame-35.png]
[www.cameronsworld.net/img/sprites/sprite23/frame-34.png]
[www.cameronsworld.net/img/sprites/sprite23/frame-0.png]
[www.cameronsworld.net/img/sprites/sprite23/frame-10.png]
[www.cameronsworld.net/img/sprites/sprite23/frame-27.png]
[www.cameronsworld.net/img/sprites/sprite23/frame-20.png]
[www.cameronsworld.net/img/sprites/sprite23/frame-3.png]
[www.cameronsworld.net/img/sprites/sprite23/frame-36.png]
[www.cameronsworld.net/img/sprites/spriteshared.png]
[www.cameronsworld.net/img/sprites/sprite23/frame-1.png]
[www.cameronsworld.net/img/sprites/sprite23/frame-37.png]
[www.cameronsworld.net/img/sprites/sprite23/frame-7.png]
[www.cameronsworld.net/img/sprites/sprite32/left-wall.png]
[www.cameronsworld.net/img/sprites/sprite18/table/right.png]
[www.cameronsworld.net/img/sprites/sprite18/table/center.png]
[www.cameronsworld.net/img/sprites/sprite32/right-wall.png]
[www.cameronsworld.net/img/sprites/sprite23/frame-2.png]
[www.cameronsworld.net/img/sprites/sprite32.png]
[www.cameronsworld.net/img/sprites/sprite18/table/left.png]
[www.cameronsworld.net/img/sprites/sprite31/middle.png]
[www.cameronsworld.net/img/sprites/sprite14.png]
[www.cameronsworld.net/img/sprites/sprite31/rainbow.png]
[www.cameronsworld.net/img/sprites/sprite15.png]
[www.cameronsworld.net/img/sprites/sprite23/frame-4.png]
[www.cameronsworld.net/img/sprites/sprite18.png]
[www.cameronsworld.net/img/sprites/sprite25.png]
[www.cameronsworld.net/img/sprites/sprite6.png]
[www.cameronsworld.net/img/sprites/sprite3.png]
[www.cameronsworld.net/img/sprites/sprite10.png]
[www.cameronsworld.net/img/sprites/sprite28.png]
[www.cameronsworld.net/img/sprites/sprite15/row-2.png]
[www.cameronsworld.net/img/sprites/sprite9.png]
[www.cameronsworld.net/img/sprites/sprite21.png]
[www.cameronsworld.net/img/sprites/sprite4.png]
[www.cameronsworld.net/img/sprites/sprite15/row-1.png]
[www.cameronsworld.net/img/sprites/sprite1.png]
[www.cameronsworld.net/img/sprites/sprite16.png]
[www.cameronsworld.net/img/sprites/sprite28/links.png]
[www.cameronsworld.net/img/sprites/sprite5.png]
[www.cameronsworld.net/img/sprites/sprite12.png]
[www.cameronsworld.net/img/sprites/sprite11.png]
[www.cameronsworld.net/img/sprites/sprite26/right-side.png]
[www.cameronsworld.net/img/sprites/sprite29.png]
[www.cameronsworld.net/img/sprites/sprite7.png]
[www.cameronsworld.net/img/sprites/sprite22/left-side.png]
[www.cameronsworld.net/img/sprites/sprite22/right-side.png]
[www.cameronsworld.net/img/sprites/sprite13.png]
[www.cameronsworld.net/img/sprites/sprite26/shelf.png]
[www.cameronsworld.net/img/sprites/sprite20.png]
[www.cameronsworld.net/img/sprites/sprite2.png]
[www.cameronsworld.net/img/sprites/sprite17.png]
[www.cameronsworld.net/img/sprites/sprite27.png]
[www.cameronsworld.net/img/sprites/sprite33.png]
[www.cameronsworld.net/img/sprites/sprite32/treasure-room.png]
[www.cameronsworld.net/img/sprites/sprite24.png]
[www.cameronsworld.net/img/sprites/sprite8.png]
[www.cameronsworld.net/img/sprites/sprite19.png]
[www.cameronsworld.net/styles/main-51f05604bc.css]
[www.cameronsworld.net/img/sprites/sprite30.png]
[www.cameronsworld.net/disclaimer.html]
[www.cameronsworld.net/music/share-fb.png]
[www.cameronsworld.net/music/index-2.html]
[www.cameronsworld.net/styles/music-8e94f351b7.css]
[www.cameronsworld.net/music/mp3/cameronsworld.mp3]
[www.cameronsworld.net/music/mp3/camerons_world_[dial-up_dub_version].mp3]
[www.cameronsworld.net/music/mp3/camerons_world_[acapella_cover].mp3]
[www.cameronsworld.net/music/mp3/camerons_world_[carpentry_mix].mp3]
[www.cameronsworld.net/music/mp3/rejectedworld.mp3]
[www.cameronsworld.net/music/index.html]
[www.cameronsworld.net/img/content/11/24.html]
[www.cameronsworld.net/img/content/12/19.html]
[www.cameronsworld.net/img/content/15/41.html]
[www.cameronsworld.net/img/content/15/41-2.html]
[www.cameronsworld.net/img/content/22/left-side/7.html]
[www.cameronsworld.net/img/content/26/container/6.html]
[www.cameronsworld.net/img/content/28/3.html]
[www.cameronsworld.net/img/content/28/5.html]
[www.cameronsworld.net/img/content/28/6.html]
[www.cameronsworld.net/img/content/28/7.html]
[www.cameronsworld.net/img/content/28/8.html]
[www.cameronsworld.net/img/content/28/9.html]
[www.cameronsworld.net/img/content/28/11.html]
[www.cameronsworld.net/img/content/28/12.html]
[www.cameronsworld.net/img/content/28/13.html]
[www.cameronsworld.net/img/content/29/20.html]
[www.cameronsworld.net/img/content/29/29.html]
[www.cameronsworld.net/img/content/30/3.html]
[www.cameronsworld.net/img/content/30/4.html]
[www.cameronsworld.net/img/content/30/21.html]
[www.cameronsworld.net/img/content/30/22.html]
[www.cameronsworld.net/img/content/30/24.html]
[www.cameronsworld.net/img/content/30/25.html]
[www.cameronsworld.net/img/content/30/26.html]
[www.cameronsworld.net/img/content/30/27.html]
[www.cameronsworld.net/img/content/30/28.html]
[www.cameronsworld.net/img/content/30/29.html]
[www.cameronsworld.net/img/content/30/36.html]
[www.cameronsworld.net/img/content/30/37.html]
[www.cameronsworld.net/img/content/30/38.html]
[www.cameronsworld.net/img/content/30/42.html]
[www.cameronsworld.net/img/content/30/43.html]
[www.cameronsworld.net/img/content/30/44.html]
[www.cameronsworld.net/img/content/30/45.html]
[www.cameronsworld.net/img/content/30/49.html]
[www.cameronsworld.net/img/content/30/50.html]
[www.cameronsworld.net/img/content/30/55.html]
[www.cameronsworld.net/img/content/30/56.html]
[www.cameronsworld.net/img/content/30/58.html]
[www.cameronsworld.net/img/content/30/59.html]
[www.cameronsworld.net/img/content/30/60.html]
[www.cameronsworld.net/img/content/30/61.html]
[www.cameronsworld.net/img/content/30/70.html]
[www.cameronsworld.net/img/content/30/71.html]
[www.cameronsworld.net/img/content/30/78.html]
[www.cameronsworld.net/img/content/30/79.html]
[www.cameronsworld.net/img/content/32/treasure-room/32.html]
[www.cameronsworld.net/img/content/32/treasure-room/33.html]
[www.cameronsworld.net/img/content/32/treasure-room/40.html]
[www.cameronsworld.net/img/content/32/treasure-room/43.html]
[www.cameronsworld.net/img/content/32/treasure-room/44.html]
[www.cameronsworld.net/img/content/32/treasure-room/45.html]
[www.cameronsworld.net/img/content/32/treasure-room/48.html]
[www.cameronsworld.net/img/content/32/treasure-room/49.html]
[www.cameronsworld.net/img/content/32/treasure-room/50.html]
[www.cameronsworld.net/img/content/33/28.html]
[www.cameronsworld.net/music/index-2.html]
[www.cameronsworld.net/img/ui/ico-back.png]
[www.cameronsworld.net/img/ui/ico-back@2x.png]
[www.cameronsworld.net/img/ui/ico-music.png]
[www.cameronsworld.net/img/ui/ico-music@2x.png]
[www.cameronsworld.net/styles/music-8e94f351b7.css]
[www.cameronsworld.net/music/mp3/cameronsworld.mp3]
[www.cameronsworld.net/music/mp3/camerons_world_[dial-up_dub_version].mp3]
[www.cameronsworld.net/music/mp3/cameronsworld.mp3]
